=== pp3 ===
{
  "blocker_detail": "",
  "blocker_kind": "none",
  "generated_text": "2+2 equals 4.<\uff5cend\u2581of\u2581sentence\uff5c>",
  "generated_token_ids": [
    20,
    13,
    20,
    9615,
    223,
    22,
    16,
    1
  ],
  "mode": "pp3",
  "prompt": "what is 2+2?",
  "prompt_token_ids": [
    0,
    3476,
    477,
    260,
    11502,
    22896,
    128803,
    9602,
    344,
    223,
    20,
    13,
    20,
    33,
    128804,
    128822
  ],
  "raw_log_path": "/private/tmp/ds4_lane_a_acceptance_20260521T013042Z/pp3/pp3_steps.json",
  "rendered_prompt": "<\uff5cbegin\u2581of\u2581sentence\uff5c>You are a helpful assistant<\uff5cUser\uff5c>what is 2+2?<\uff5cAssistant\uff5c></think>",
  "steps": [
    {
      "bytes": [
        50
      ],
      "stage_logits_hashes": [
        "fnv64:b1be1fbc7250b608",
        "fnv64:86af6cfdfce4059c",
        "fnv64:2bb12d673593e0e1"
      ],
      "stage_logits_nonfinite": [
        0,
        0,
        0
      ],
      "step": 0,
      "text": "2",
      "token_id": 20
    },
    {
      "bytes": [
        43
      ],
      "stage_logits_hashes": [
        "fnv64:8944427656fe956a",
        "fnv64:cb5b28631f4fc84b",
        "fnv64:48991d207a113687"
      ],
      "stage_logits_nonfinite": [
        0,
        0,
        0
      ],
      "step": 1,
      "text": "+",
      "token_id": 13
    },
    {
      "bytes": [
        50
      ],
      "stage_logits_hashes": [
        "fnv64:f961487af6674e42",
        "fnv64:f59f2f36d2b5aab8",
        "fnv64:74b990b3d7ca655a"
      ],
      "stage_logits_nonfinite": [
        0,
        0,
        0
      ],
      "step": 2,
      "text": "2",
      "token_id": 20
    },
    {
      "bytes": [
        32,
        101,
        113,
        117,
        97,
        108,
        115
      ],
      "stage_logits_hashes": [
        "fnv64:e245c2d32b144625",
        "fnv64:0093ee9ea6b41cc9",
        "fnv64:b9c91f768fb00248"
      ],
      "stage_logits_nonfinite": [
        0,
        0,
        0
      ],
      "step": 3,
      "text": " equals",
      "token_id": 9615
    },
    {
      "bytes": [
        32
      ],
      "stage_logits_hashes": [
        "fnv64:d49042f1602f182a",
        "fnv64:04da36b59a2ef299",
        "fnv64:6e0990b52c66f7e5"
      ],
      "stage_logits_nonfinite": [
        0,
        0,
        0
      ],
      "step": 4,
      "text": " ",
      "token_id": 223
    },
    {
      "bytes": [
        52
      ],
      "stage_logits_hashes": [
        "fnv64:df9169058d4a2f54",
        "fnv64:51eff337b34ee43c",
        "fnv64:f0f238773c82a4c3"
      ],
      "stage_logits_nonfinite": [
        0,
        0,
        0
      ],
      "step": 5,
      "text": "4",
      "token_id": 22
    },
    {
      "bytes": [
        46
      ],
      "stage_logits_hashes": [
        "fnv64:eb15ee73a99a8171",
        "fnv64:19eb00bf7f81c93e",
        "fnv64:6d9ee5385af47922"
      ],
      "stage_logits_nonfinite": [
        0,
        0,
        0
      ],
      "step": 6,
      "text": ".",
      "token_id": 16
    },
    {
      "bytes": [
        60,
        239,
        189,
        156,
        101,
        110,
        100,
        226,
        150,
        129,
        111,
        102,
        226,
        150,
        129,
        115,
        101,
        110,
        116,
        101,
        110,
        99,
        101,
        239,
        189,
        156,
        62
      ],
      "stage_logits_hashes": [
        "fnv64:ddade81f33116226",
        "fnv64:b58101aa933e3631",
        "fnv64:19fdacdfb35f3e41"
      ],
      "stage_logits_nonfinite": [
        0,
        0,
        0
      ],
      "step": 7,
      "text": "<\uff5cend\u2581of\u2581sentence\uff5c>",
      "token_id": 1
    }
  ]
}
PP3_TOKEN_IDS=[20, 13, 20, 9615, 223, 22, 16, 1]
PP3_TEXT='2+2 equals 4.<｜end▁of▁sentence｜>'
=== pp1 ===
{
  "blocker_detail": "",
  "blocker_kind": "none",
  "generated_text": "2+2 equals 4.<\uff5cend\u2581of\u2581sentence\uff5c>",
  "generated_token_ids": [
    20,
    13,
    20,
    9615,
    223,
    22,
    16,
    1
  ],
  "mode": "pp1",
  "prompt": "what is 2+2?",
  "prompt_token_ids": [],
  "raw_log_path": "/private/tmp/ds4_lane_a_acceptance_20260521T013042Z/pp1/pp1_logprobs.json",
  "rendered_prompt": "<\uff5cbegin\u2581of\u2581sentence\uff5c>You are a helpful assistant<\uff5cUser\uff5c>what is 2+2?<\uff5cAssistant\uff5c></think>",
  "steps": [
    {
      "bytes": [
        50
      ],
      "stage_logits_hashes": [],
      "stage_logits_nonfinite": [],
      "step": 0,
      "text": "2",
      "token_id": 20
    },
    {
      "bytes": [
        43
      ],
      "stage_logits_hashes": [],
      "stage_logits_nonfinite": [],
      "step": 1,
      "text": "+",
      "token_id": 13
    },
    {
      "bytes": [
        50
      ],
      "stage_logits_hashes": [],
      "stage_logits_nonfinite": [],
      "step": 2,
      "text": "2",
      "token_id": 20
    },
    {
      "bytes": [
        32,
        101,
        113,
        117,
        97,
        108,
        115
      ],
      "stage_logits_hashes": [],
      "stage_logits_nonfinite": [],
      "step": 3,
      "text": " equals",
      "token_id": 9615
    },
    {
      "bytes": [
        32
      ],
      "stage_logits_hashes": [],
      "stage_logits_nonfinite": [],
      "step": 4,
      "text": " ",
      "token_id": 223
    },
    {
      "bytes": [
        52
      ],
      "stage_logits_hashes": [],
      "stage_logits_nonfinite": [],
      "step": 5,
      "text": "4",
      "token_id": 22
    },
    {
      "bytes": [
        46
      ],
      "stage_logits_hashes": [],
      "stage_logits_nonfinite": [],
      "step": 6,
      "text": ".",
      "token_id": 16
    },
    {
      "bytes": [
        60,
        239,
        189,
        156,
        101,
        110,
        100,
        226,
        150,
        129,
        111,
        102,
        226,
        150,
        129,
        115,
        101,
        110,
        116,
        101,
        110,
        99,
        101,
        239,
        189,
        156,
        62
      ],
      "stage_logits_hashes": [],
      "stage_logits_nonfinite": [],
      "step": 7,
      "text": "<\uff5cend\u2581of\u2581sentence\uff5c>",
      "token_id": 1
    }
  ]
}
PP1_TOKEN_IDS=[20, 13, 20, 9615, 223, 22, 16, 1]
PP1_TEXT='2+2 equals 4.<｜end▁of▁sentence｜>'
PP_COMPARE=identical_first_tokens
