=== pp3 ===
{
  "aggregate_tok_s_including_step0": 0.5697306079447702,
  "aggregate_wall_ms_including_step0": 112333.7926864624,
  "blocker_detail": "",
  "blocker_kind": "none",
  "generated_text": "2+2 equals 4.<\uff5cend\u2581of\u2581sentence\uff5c>, of course.<\uff5cend\u2581of\u2581sentence\uff5c>, of course.<\uff5cend\u2581of\u2581sentence\uff5c>, of course.<\uff5cend\u2581of\u2581sentence\uff5c>, of course.<\uff5cend\u2581of\u2581sentence\uff5c>, of course.<\uff5cend\u2581of\u2581sentence\uff5c>, of course.<\uff5cend\u2581of\u2581sentence\uff5c>, of course.<\uff5cend\u2581of\u2581sentence\uff5c>, of course.<\uff5cend\u2581of\u2581sentence\uff5c>, of course. (The repetition is a playful way to emphasize the certainty of",
  "generated_token_ids": [
    20,
    13,
    20,
    9615,
    223,
    22,
    16,
    1,
    14,
    294,
    3584,
    16,
    1,
    14,
    294,
    3584,
    16,
    1,
    14,
    294,
    3584,
    16,
    1,
    14,
    294,
    3584,
    16,
    1,
    14,
    294,
    3584,
    16,
    1,
    14,
    294,
    3584,
    16,
    1,
    14,
    294,
    3584,
    16,
    1,
    14,
    294,
    3584,
    16,
    1,
    14,
    294,
    3584,
    16,
    343,
    671,
    42039,
    344,
    260,
    60918,
    1722,
    304,
    32904,
    270,
    41570,
    294
  ],
  "mode": "pp3",
  "prompt": "what is 2+2?",
  "prompt_token_ids": [
    0,
    3476,
    477,
    260,
    11502,
    22896,
    128803,
    9602,
    344,
    223,
    20,
    13,
    20,
    33,
    128804,
    128822
  ],
  "raw_log_path": "/private/tmp/ds4_lane_a2_64tok_spark234_20260521T0200Z/pp3/pp3_steps.json",
  "rendered_prompt": "<\uff5cbegin\u2581of\u2581sentence\uff5c>You are a helpful assistant<\uff5cUser\uff5c>what is 2+2?<\uff5cAssistant\uff5c></think>",
  "steady_tok_s_excluding_step0": 0.7765547550855313,
  "steady_wall_ms_excluding_step0": 81127.56967544556,
  "steps": [
    {
      "bytes": [
        50
      ],
      "coordinator_wall_end_s": 1779335457.68015,
      "coordinator_wall_ms": 31206.223011016846,
      "coordinator_wall_start_s": 1779335426.473927,
      "stage_elapsed_ms": [
        587.981,
        747.033,
        7893.616
      ],
      "stage_logits_hashes": [
        "fnv64:b1be1fbc7250b608",
        "fnv64:86af6cfdfce4059c",
        "fnv64:2bb12d673593e0e1"
      ],
      "stage_logits_nonfinite": [
        0,
        0,
        0
      ],
      "stage_wall_end_s": [
        1779335452.872868,
        1779335457.020708,
        1779335457.737587
      ],
      "stage_wall_start_s": [
        1779335452.284887,
        1779335456.273675,
        1779335449.843971
      ],
      "step": 0,
      "text": "2",
      "token_id": 20
    },
    {
      "bytes": [
        43
      ],
      "coordinator_wall_end_s": 1779335460.0502431,
      "coordinator_wall_ms": 1703.7441730499268,
      "coordinator_wall_start_s": 1779335458.346499,
      "stage_elapsed_ms": [
        6411.386,
        2314.809,
        2085.477
      ],
      "stage_logits_hashes": [
        "fnv64:8944427656fe956a",
        "fnv64:cb5b28631f4fc84b",
        "fnv64:48991d207a113687"
      ],
      "stage_logits_nonfinite": [
        0,
        0,
        0
      ],
      "stage_wall_end_s": [
        1779335459.284269,
        1779335459.335532,
        1779335459.823081
      ],
      "stage_wall_start_s": [
        1779335452.872883,
        1779335457.020723,
        1779335457.737604
      ],
      "step": 1,
      "text": "+",
      "token_id": 13
    },
    {
      "bytes": [
        50
      ],
      "coordinator_wall_end_s": 1779335461.933407,
      "coordinator_wall_ms": 1236.4418506622314,
      "coordinator_wall_start_s": 1779335460.6969652,
      "stage_elapsed_ms": [
        1131.097,
        1922.328,
        1905.277
      ],
      "stage_logits_hashes": [
        "fnv64:f961487af6674e42",
        "fnv64:f59f2f36d2b5aab8",
        "fnv64:74b990b3d7ca655a"
      ],
      "stage_logits_nonfinite": [
        0,
        0,
        0
      ],
      "stage_wall_end_s": [
        1779335460.415376,
        1779335461.257869,
        1779335461.728368
      ],
      "stage_wall_start_s": [
        1779335459.284279,
        1779335459.335541,
        1779335459.823091
      ],
      "step": 2,
      "text": "2",
      "token_id": 20
    },
    {
      "bytes": [
        32,
        101,
        113,
        117,
        97,
        108,
        115
      ],
      "coordinator_wall_end_s": 1779335463.8190541,
      "coordinator_wall_ms": 1258.0490112304688,
      "coordinator_wall_start_s": 1779335462.561005,
      "stage_elapsed_ms": [
        1904.343,
        1844.615,
        1871.277
      ],
      "stage_logits_hashes": [
        "fnv64:e245c2d32b144625",
        "fnv64:0093ee9ea6b41cc9",
        "fnv64:b9c91f768fb00248"
      ],
      "stage_logits_nonfinite": [
        0,
        0,
        0
      ],
      "stage_wall_end_s": [
        1779335462.319728,
        1779335463.102493,
        1779335463.599655
      ],
      "stage_wall_start_s": [
        1779335460.415385,
        1779335461.257878,
        1779335461.728377
      ],
      "step": 3,
      "text": " equals",
      "token_id": 9615
    },
    {
      "bytes": [
        32
      ],
      "coordinator_wall_end_s": 1779335465.710891,
      "coordinator_wall_ms": 1257.3740482330322,
      "coordinator_wall_start_s": 1779335464.453517,
      "stage_elapsed_ms": [
        1874.639,
        1906.652,
        1902.122
      ],
      "stage_logits_hashes": [
        "fnv64:d49042f1602f182a",
        "fnv64:04da36b59a2ef299",
        "fnv64:6e0990b52c66f7e5"
      ],
      "stage_logits_nonfinite": [
        0,
        0,
        0
      ],
      "stage_wall_end_s": [
        1779335464.194375,
        1779335465.009154,
        1779335465.501788
      ],
      "stage_wall_start_s": [
        1779335462.319737,
        1779335463.102502,
        1779335463.599666
      ],
      "step": 4,
      "text": " ",
      "token_id": 223
    },
    {
      "bytes": [
        52
      ],
      "coordinator_wall_end_s": 1779335467.588002,
      "coordinator_wall_ms": 1274.6999263763428,
      "coordinator_wall_start_s": 1779335466.313302,
      "stage_elapsed_ms": [
        1867.539,
        1854.595,
        1874.367
      ],
      "stage_logits_hashes": [
        "fnv64:df9169058d4a2f54",
        "fnv64:51eff337b34ee43c",
        "fnv64:f0f238773c82a4c3"
      ],
      "stage_logits_nonfinite": [
        0,
        0,
        0
      ],
      "stage_wall_end_s": [
        1779335466.061923,
        1779335466.863758,
        1779335467.376166
      ],
      "stage_wall_start_s": [
        1779335464.194384,
        1779335465.009163,
        1779335465.501799
      ],
      "step": 5,
      "text": "4",
      "token_id": 22
    },
    {
      "bytes": [
        46
      ],
      "coordinator_wall_end_s": 1779335469.494696,
      "coordinator_wall_ms": 1267.2038078308105,
      "coordinator_wall_start_s": 1779335468.227492,
      "stage_elapsed_ms": [
        1899.453,
        1877.619,
        1885.432
      ],
      "stage_logits_hashes": [
        "fnv64:eb15ee73a99a8171",
        "fnv64:19eb00bf7f81c93e",
        "fnv64:6d9ee5385af47922"
      ],
      "stage_logits_nonfinite": [
        0,
        0,
        0
      ],
      "stage_wall_end_s": [
        1779335467.961384,
        1779335468.741386,
        1779335469.261615
      ],
      "stage_wall_start_s": [
        1779335466.061931,
        1779335466.863767,
        1779335467.376183
      ],
      "step": 6,
      "text": ".",
      "token_id": 16
    },
    {
      "bytes": [
        60,
        239,
        189,
        156,
        101,
        110,
        100,
        226,
        150,
        129,
        111,
        102,
        226,
        150,
        129,
        115,
        101,
        110,
        116,
        101,
        110,
        99,
        101,
        239,
        189,
        156,
        62
      ],
      "coordinator_wall_end_s": 1779335471.409886,
      "coordinator_wall_ms": 1287.6548767089844,
      "coordinator_wall_start_s": 1779335470.122231,
      "stage_elapsed_ms": [
        1905.07,
        1936.834,
        1917.858
      ],
      "stage_logits_hashes": [
        "fnv64:ddade81f33116226",
        "fnv64:b58101aa933e3631",
        "fnv64:19fdacdfb35f3e41"
      ],
      "stage_logits_nonfinite": [
        0,
        0,
        0
      ],
      "stage_wall_end_s": [
        1779335469.866463,
        1779335470.678234,
        1779335471.179492
      ],
      "stage_wall_start_s": [
        1779335467.961393,
        1779335468.7414,
        1779335469.261633
      ],
      "step": 7,
      "text": "<\uff5cend\u2581of\u2581sentence\uff5c>",
      "token_id": 1
    },
    {
      "bytes": [
        44
      ],
      "coordinator_wall_end_s": 1779335473.3680582,
      "coordinator_wall_ms": 1311.460256576538,
      "coordinator_wall_start_s": 1779335472.056598,
      "stage_elapsed_ms": [
        1926.105,
        1930.361,
        1935.609
      ],
      "stage_logits_hashes": [
        "fnv64:2dfbb5b1001cdf00",
        "fnv64:539361f3c217b134",
        "fnv64:04898399eeb51acd"
      ],
      "stage_logits_nonfinite": [
        0,
        0,
        0
      ],
      "stage_wall_end_s": [
        1779335471.792576,
        1779335472.608608,
        1779335473.115119
      ],
      "stage_wall_start_s": [
        1779335469.866471,
        1779335470.678248,
        1779335471.17951
      ],
      "step": 8,
      "text": ",",
      "token_id": 14
    },
    {
      "bytes": [
        32,
        111,
        102
      ],
      "coordinator_wall_end_s": 1779335475.316942,
      "coordinator_wall_ms": 1298.8269329071045,
      "coordinator_wall_start_s": 1779335474.018115,
      "stage_elapsed_ms": [
        1955.799,
        1964.986,
        1971.136
      ],
      "stage_logits_hashes": [
        "fnv64:02582c0ea39e2c4f",
        "fnv64:6a67bb9ed5b76090",
        "fnv64:e91d530f20521717"
      ],
      "stage_logits_nonfinite": [
        0,
        0,
        0
      ],
      "stage_wall_end_s": [
        1779335473.748385,
        1779335474.573607,
        1779335475.086271
      ],
      "stage_wall_start_s": [
        1779335471.792586,
        1779335472.608621,
        1779335473.115135
      ],
      "step": 9,
      "text": " of",
      "token_id": 294
    },
    {
      "bytes": [
        32,
        99,
        111,
        117,
        114,
        115,
        101
      ],
      "coordinator_wall_end_s": 1779335477.243604,
      "coordinator_wall_ms": 1283.519983291626,
      "coordinator_wall_start_s": 1779335475.960084,
      "stage_elapsed_ms": [
        1939.383,
        1926.441,
        1919.173
      ],
      "stage_logits_hashes": [
        "fnv64:1319c550c378d7d7",
        "fnv64:a0592c8aaea12c3d",
        "fnv64:56aae3686127dcee"
      ],
      "stage_logits_nonfinite": [
        0,
        0,
        0
      ],
      "stage_wall_end_s": [
        1779335475.687777,
        1779335476.500061,
        1779335477.00546
      ],
      "stage_wall_start_s": [
        1779335473.748394,
        1779335474.57362,
        1779335475.086287
      ],
      "step": 10,
      "text": " course",
      "token_id": 3584
    },
    {
      "bytes": [
        46
      ],
      "coordinator_wall_end_s": 1779335479.1596968,
      "coordinator_wall_ms": 1285.8498096466064,
      "coordinator_wall_start_s": 1779335477.873847,
      "stage_elapsed_ms": [
        1940.249,
        1901.117,
        1910.258
      ],
      "stage_logits_hashes": [
        "fnv64:3957e18d377bfaf6",
        "fnv64:cd57a4a25e133524",
        "fnv64:267c650558a390e3"
      ],
      "stage_logits_nonfinite": [
        0,
        0,
        0
      ],
      "stage_wall_end_s": [
        1779335477.628034,
        1779335478.401192,
        1779335478.915734
      ],
      "stage_wall_start_s": [
        1779335475.687786,
        1779335476.500075,
        1779335477.005476
      ],
      "step": 11,
      "text": ".",
      "token_id": 16
    },
    {
      "bytes": [
        60,
        239,
        189,
        156,
        101,
        110,
        100,
        226,
        150,
        129,
        111,
        102,
        226,
        150,
        129,
        115,
        101,
        110,
        116,
        101,
        110,
        99,
        101,
        239,
        189,
        156,
        62
      ],
      "coordinator_wall_end_s": 1779335481.08207,
      "coordinator_wall_ms": 1258.6390972137451,
      "coordinator_wall_start_s": 1779335479.823431,
      "stage_elapsed_ms": [
        1929.448,
        1971.347,
        1969.455
      ],
      "stage_logits_hashes": [
        "fnv64:40345d11ee815ecf",
        "fnv64:ec7e7c0b16cd8387",
        "fnv64:501458d97a2aab70"
      ],
      "stage_logits_nonfinite": [
        0,
        0,
        0
      ],
      "stage_wall_end_s": [
        1779335479.557492,
        1779335480.372552,
        1779335480.885204
      ],
      "stage_wall_start_s": [
        1779335477.628044,
        1779335478.401205,
        1779335478.915749
      ],
      "step": 12,
      "text": "<\uff5cend\u2581of\u2581sentence\uff5c>",
      "token_id": 1
    },
    {
      "bytes": [
        44
      ],
      "coordinator_wall_end_s": 1779335483.004343,
      "coordinator_wall_ms": 1291.9890880584717,
      "coordinator_wall_start_s": 1779335481.712354,
      "stage_elapsed_ms": [
        1889.043,
        1911.418,
        1891.498
      ],
      "stage_logits_hashes": [
        "fnv64:480aa5f541701e0f",
        "fnv64:9f36071eae3d0727",
        "fnv64:e5744fa68824f6b9"
      ],
      "stage_logits_nonfinite": [
        0,
        0,
        0
      ],
      "stage_wall_end_s": [
        1779335481.446544,
        1779335482.283983,
        1779335482.776721
      ],
      "stage_wall_start_s": [
        1779335479.557501,
        1779335480.372565,
        1779335480.885223
      ],
      "step": 13,
      "text": ",",
      "token_id": 14
    },
    {
      "bytes": [
        32,
        111,
        102
      ],
      "coordinator_wall_end_s": 1779335484.9596338,
      "coordinator_wall_ms": 1284.8498821258545,
      "coordinator_wall_start_s": 1779335483.674784,
      "stage_elapsed_ms": [
        1952.375,
        1931.656,
        1941.715
      ],
      "stage_logits_hashes": [
        "fnv64:d5ca4a7eecd00835",
        "fnv64:4f1b0cd433cc611a",
        "fnv64:69742fd8d0059bd4"
      ],
      "stage_logits_nonfinite": [
        0,
        0,
        0
      ],
      "stage_wall_end_s": [
        1779335483.398929,
        1779335484.215652,
        1779335484.718453
      ],
      "stage_wall_start_s": [
        1779335481.446553,
        1779335482.283996,
        1779335482.776738
      ],
      "step": 14,
      "text": " of",
      "token_id": 294
    },
    {
      "bytes": [
        32,
        99,
        111,
        117,
        114,
        115,
        101
      ],
      "coordinator_wall_end_s": 1779335487.153012,
      "coordinator_wall_ms": 1299.2992401123047,
      "coordinator_wall_start_s": 1779335485.8537128,
      "stage_elapsed_ms": [
        1930.933,
        2180.871,
        2216.623
      ],
      "stage_logits_hashes": [
        "fnv64:a4b98cc4944570e9",
        "fnv64:9c3ad6d46d0c3b2d",
        "fnv64:19c70d1034a0e3dd"
      ],
      "stage_logits_nonfinite": [
        0,
        0,
        0
      ],
      "stage_wall_end_s": [
        1779335485.32987,
        1779335486.396538,
        1779335486.935093
      ],
      "stage_wall_start_s": [
        1779335483.398938,
        1779335484.215666,
        1779335484.71847
      ],
      "step": 15,
      "text": " course",
      "token_id": 3584
    },
    {
      "bytes": [
        46
      ],
      "coordinator_wall_end_s": 1779335489.050229,
      "coordinator_wall_ms": 1243.4470653533936,
      "coordinator_wall_start_s": 1779335487.806782,
      "stage_elapsed_ms": [
        2204.82,
        1934.843,
        1885.055
      ],
      "stage_logits_hashes": [
        "fnv64:e6ea52f4881f7a79",
        "fnv64:61a7d24df1bb58fd",
        "fnv64:12c1904b08ece25f"
      ],
      "stage_logits_nonfinite": [
        0,
        0,
        0
      ],
      "stage_wall_end_s": [
        1779335487.534699,
        1779335488.331393,
        1779335488.820165
      ],
      "stage_wall_start_s": [
        1779335485.329879,
        1779335486.396549,
        1779335486.93511
      ],
      "step": 16,
      "text": ".",
      "token_id": 16
    },
    {
      "bytes": [
        60,
        239,
        189,
        156,
        101,
        110,
        100,
        226,
        150,
        129,
        111,
        102,
        226,
        150,
        129,
        115,
        101,
        110,
        116,
        101,
        110,
        99,
        101,
        239,
        189,
        156,
        62
      ],
      "coordinator_wall_end_s": 1779335490.96611,
      "coordinator_wall_ms": 1276.2260437011719,
      "coordinator_wall_start_s": 1779335489.689884,
      "stage_elapsed_ms": [
        1896.708,
        1904.492,
        1912.213
      ],
      "stage_logits_hashes": [
        "fnv64:69c71ddaa84e17ec",
        "fnv64:43690b8c99b69961",
        "fnv64:4ba47fec3f329470"
      ],
      "stage_logits_nonfinite": [
        0,
        0,
        0
      ],
      "stage_wall_end_s": [
        1779335489.431417,
        1779335490.235896,
        1779335490.732394
      ],
      "stage_wall_start_s": [
        1779335487.534708,
        1779335488.331404,
        1779335488.820181
      ],
      "step": 17,
      "text": "<\uff5cend\u2581of\u2581sentence\uff5c>",
      "token_id": 1
    },
    {
      "bytes": [
        44
      ],
      "coordinator_wall_end_s": 1779335492.9355168,
      "coordinator_wall_ms": 1302.7138710021973,
      "coordinator_wall_start_s": 1779335491.632803,
      "stage_elapsed_ms": [
        1927.676,
        1962.012,
        1971.112
      ],
      "stage_logits_hashes": [
        "fnv64:20b55887afc47a2e",
        "fnv64:5a9e8135c6878caa",
        "fnv64:24b32a4761324315"
      ],
      "stage_logits_nonfinite": [
        0,
        0,
        0
      ],
      "stage_wall_end_s": [
        1779335491.359102,
        1779335492.197916,
        1779335492.703523
      ],
      "stage_wall_start_s": [
        1779335489.431426,
        1779335490.235904,
        1779335490.732412
      ],
      "step": 18,
      "text": ",",
      "token_id": 14
    },
    {
      "bytes": [
        32,
        111,
        102
      ],
      "coordinator_wall_end_s": 1779335494.87668,
      "coordinator_wall_ms": 1310.4119300842285,
      "coordinator_wall_start_s": 1779335493.566268,
      "stage_elapsed_ms": [
        1958.016,
        1918.054,
        1936.226
      ],
      "stage_logits_hashes": [
        "fnv64:c876229849745c70",
        "fnv64:5a72b68424066b73",
        "fnv64:0128a41e48514cb3"
      ],
      "stage_logits_nonfinite": [
        0,
        0,
        0
      ],
      "stage_wall_end_s": [
        1779335493.317127,
        1779335494.115977,
        1779335494.639767
      ],
      "stage_wall_start_s": [
        1779335491.359112,
        1779335492.197923,
        1779335492.703541
      ],
      "step": 19,
      "text": " of",
      "token_id": 294
    },
    {
      "bytes": [
        32,
        99,
        111,
        117,
        114,
        115,
        101
      ],
      "coordinator_wall_end_s": 1779335496.819128,
      "coordinator_wall_ms": 1284.2071056365967,
      "coordinator_wall_start_s": 1779335495.534921,
      "stage_elapsed_ms": [
        1949.411,
        1967.34,
        1951.452
      ],
      "stage_logits_hashes": [
        "fnv64:866330c9179a9fc7",
        "fnv64:f9141759bae823b6",
        "fnv64:17b12063a3f64550"
      ],
      "stage_logits_nonfinite": [
        0,
        0,
        0
      ],
      "stage_wall_end_s": [
        1779335495.266547,
        1779335496.083325,
        1779335496.591235
      ],
      "stage_wall_start_s": [
        1779335493.317137,
        1779335494.115985,
        1779335494.639783
      ],
      "step": 20,
      "text": " course",
      "token_id": 3584
    },
    {
      "bytes": [
        46
      ],
      "coordinator_wall_end_s": 1779335498.77308,
      "coordinator_wall_ms": 1296.1232662200928,
      "coordinator_wall_start_s": 1779335497.4769568,
      "stage_elapsed_ms": [
        1933.081,
        1932.199,
        1941.351
      ],
      "stage_logits_hashes": [
        "fnv64:f52c5feeda2132a5",
        "fnv64:c672b45dd8c65f7a",
        "fnv64:1c98cee840a270e0"
      ],
      "stage_logits_nonfinite": [
        0,
        0,
        0
      ],
      "stage_wall_end_s": [
        1779335497.19964,
        1779335498.015538,
        1779335498.532598
      ],
      "stage_wall_start_s": [
        1779335495.266558,
        1779335496.083339,
        1779335496.591247
      ],
      "step": 21,
      "text": ".",
      "token_id": 16
    },
    {
      "bytes": [
        60,
        239,
        189,
        156,
        101,
        110,
        100,
        226,
        150,
        129,
        111,
        102,
        226,
        150,
        129,
        115,
        101,
        110,
        116,
        101,
        110,
        99,
        101,
        239,
        189,
        156,
        62
      ],
      "coordinator_wall_end_s": 1779335500.734255,
      "coordinator_wall_ms": 1302.4969100952148,
      "coordinator_wall_start_s": 1779335499.4317582,
      "stage_elapsed_ms": [
        1973.634,
        1976.069,
        1972.518
      ],
      "stage_logits_hashes": [
        "fnv64:e37f998114a27762",
        "fnv64:24086bc7e7e7c4d9",
        "fnv64:f2c39922332a368a"
      ],
      "stage_logits_nonfinite": [
        0,
        0,
        0
      ],
      "stage_wall_end_s": [
        1779335499.173284,
        1779335499.991622,
        1779335500.505129
      ],
      "stage_wall_start_s": [
        1779335497.19965,
        1779335498.015553,
        1779335498.532611
      ],
      "step": 22,
      "text": "<\uff5cend\u2581of\u2581sentence\uff5c>",
      "token_id": 1
    },
    {
      "bytes": [
        44
      ],
      "coordinator_wall_end_s": 1779335502.642806,
      "coordinator_wall_ms": 1258.0862045288086,
      "coordinator_wall_start_s": 1779335501.3847198,
      "stage_elapsed_ms": [
        1936.53,
        1951.738,
        1932.805
      ],
      "stage_logits_hashes": [
        "fnv64:d60a56b51ba9e6d6",
        "fnv64:052ae57ce67af0f2",
        "fnv64:ba7b7b93d126483a"
      ],
      "stage_logits_nonfinite": [
        0,
        0,
        0
      ],
      "stage_wall_end_s": [
        1779335501.109822,
        1779335501.943375,
        1779335502.437946
      ],
      "stage_wall_start_s": [
        1779335499.173292,
        1779335499.991637,
        1779335500.505141
      ],
      "step": 23,
      "text": ",",
      "token_id": 14
    },
    {
      "bytes": [
        32,
        111,
        102
      ],
      "coordinator_wall_end_s": 1779335504.567661,
      "coordinator_wall_ms": 1275.0499248504639,
      "coordinator_wall_start_s": 1779335503.2926111,
      "stage_elapsed_ms": [
        1919.563,
        1903.592,
        1911.183
      ],
      "stage_logits_hashes": [
        "fnv64:35475fde90f63d1a",
        "fnv64:3dd128840bd618c1",
        "fnv64:8c3dde93b010ddf9"
      ],
      "stage_logits_nonfinite": [
        0,
        0,
        0
      ],
      "stage_wall_end_s": [
        1779335503.029393,
        1779335503.846983,
        1779335504.34914
      ],
      "stage_wall_start_s": [
        1779335501.10983,
        1779335501.94339,
        1779335502.437958
      ],
      "step": 24,
      "text": " of",
      "token_id": 294
    },
    {
      "bytes": [
        32,
        99,
        111,
        117,
        114,
        115,
        101
      ],
      "coordinator_wall_end_s": 1779335506.497779,
      "coordinator_wall_ms": 1271.723985671997,
      "coordinator_wall_start_s": 1779335505.226055,
      "stage_elapsed_ms": [
        1927.532,
        1918.975,
        1918.991
      ],
      "stage_logits_hashes": [
        "fnv64:5eb97909ac19fc29",
        "fnv64:f98c8c1895ad1825",
        "fnv64:175f19f0864f05d8"
      ],
      "stage_logits_nonfinite": [
        0,
        0,
        0
      ],
      "stage_wall_end_s": [
        1779335504.956935,
        1779335505.765966,
        1779335506.268142
      ],
      "stage_wall_start_s": [
        1779335503.029403,
        1779335503.846991,
        1779335504.349151
      ],
      "step": 25,
      "text": " course",
      "token_id": 3584
    },
    {
      "bytes": [
        46
      ],
      "coordinator_wall_end_s": 1779335508.417651,
      "coordinator_wall_ms": 1266.887903213501,
      "coordinator_wall_start_s": 1779335507.150763,
      "stage_elapsed_ms": [
        1909.803,
        1911.527,
        1923.589
      ],
      "stage_logits_hashes": [
        "fnv64:7b9feccc9ac1172b",
        "fnv64:1e5dc94b3bb75d91",
        "fnv64:0189c06f39723b06"
      ],
      "stage_logits_nonfinite": [
        0,
        0,
        0
      ],
      "stage_wall_end_s": [
        1779335506.866747,
        1779335507.677506,
        1779335508.191741
      ],
      "stage_wall_start_s": [
        1779335504.956944,
        1779335505.76598,
        1779335506.268152
      ],
      "step": 26,
      "text": ".",
      "token_id": 16
    },
    {
      "bytes": [
        60,
        239,
        189,
        156,
        101,
        110,
        100,
        226,
        150,
        129,
        111,
        102,
        226,
        150,
        129,
        115,
        101,
        110,
        116,
        101,
        110,
        99,
        101,
        239,
        189,
        156,
        62
      ],
      "coordinator_wall_end_s": 1779335510.512796,
      "coordinator_wall_ms": 1458.31298828125,
      "coordinator_wall_start_s": 1779335509.054483,
      "stage_elapsed_ms": [
        1921.134,
        2115.095,
        2101.044
      ],
      "stage_logits_hashes": [
        "fnv64:a5296a5f76c3549a",
        "fnv64:00698fb92dc06632",
        "fnv64:b3c7933eb5fd5607"
      ],
      "stage_logits_nonfinite": [
        0,
        0,
        0
      ],
      "stage_wall_end_s": [
        1779335508.78789,
        1779335509.792614,
        1779335510.292796
      ],
      "stage_wall_start_s": [
        1779335506.866756,
        1779335507.677519,
        1779335508.191752
      ],
      "step": 27,
      "text": "<\uff5cend\u2581of\u2581sentence\uff5c>",
      "token_id": 1
    },
    {
      "bytes": [
        44
      ],
      "coordinator_wall_end_s": 1779335512.387646,
      "coordinator_wall_ms": 1225.9910106658936,
      "coordinator_wall_start_s": 1779335511.161655,
      "stage_elapsed_ms": [
        2109.994,
        1910.36,
        1904.524
      ],
      "stage_logits_hashes": [
        "fnv64:a03be200a918b45a",
        "fnv64:3a0b61c2ef258441",
        "fnv64:116b043a5ec93cbb"
      ],
      "stage_logits_nonfinite": [
        0,
        0,
        0
      ],
      "stage_wall_end_s": [
        1779335510.897892,
        1779335511.702989,
        1779335512.197333
      ],
      "stage_wall_start_s": [
        1779335508.787898,
        1779335509.792629,
        1779335510.292809
      ],
      "step": 28,
      "text": ",",
      "token_id": 14
    },
    {
      "bytes": [
        32,
        111,
        102
      ],
      "coordinator_wall_end_s": 1779335514.375605,
      "coordinator_wall_ms": 1348.2120037078857,
      "coordinator_wall_start_s": 1779335513.027393,
      "stage_elapsed_ms": [
        1870.41,
        1865.218,
        1948.1
      ],
      "stage_logits_hashes": [
        "fnv64:a39644a5c9b7e291",
        "fnv64:8204f482fe347a12",
        "fnv64:6e574fb69bfd2899"
      ],
      "stage_logits_nonfinite": [
        0,
        0,
        0
      ],
      "stage_wall_end_s": [
        1779335512.768311,
        1779335513.568222,
        1779335514.145444
      ],
      "stage_wall_start_s": [
        1779335510.8979,
        1779335511.703005,
        1779335512.197344
      ],
      "step": 29,
      "text": " of",
      "token_id": 294
    },
    {
      "bytes": [
        32,
        99,
        111,
        117,
        114,
        115,
        101
      ],
      "coordinator_wall_end_s": 1779335516.316725,
      "coordinator_wall_ms": 1284.425973892212,
      "coordinator_wall_start_s": 1779335515.032299,
      "stage_elapsed_ms": [
        1993.806,
        2008.135,
        1940.343
      ],
      "stage_logits_hashes": [
        "fnv64:3318416508cccf90",
        "fnv64:eb36eb27ca5d95dc",
        "fnv64:e29b43b2da8ded06"
      ],
      "stage_logits_nonfinite": [
        0,
        0,
        0
      ],
      "stage_wall_end_s": [
        1779335514.762127,
        1779335515.576373,
        1779335516.085797
      ],
      "stage_wall_start_s": [
        1779335512.768322,
        1779335513.568238,
        1779335514.145454
      ],
      "step": 30,
      "text": " course",
      "token_id": 3584
    },
    {
      "bytes": [
        46
      ],
      "coordinator_wall_end_s": 1779335518.258369,
      "coordinator_wall_ms": 1293.6320304870605,
      "coordinator_wall_start_s": 1779335516.964737,
      "stage_elapsed_ms": [
        1918.281,
        1959.674,
        1954.495
      ],
      "stage_logits_hashes": [
        "fnv64:adc511702f322df6",
        "fnv64:e581e6ab4bd04245",
        "fnv64:16d97dc20ed148cd"
      ],
      "stage_logits_nonfinite": [
        0,
        0,
        0
      ],
      "stage_wall_end_s": [
        1779335516.680417,
        1779335517.536056,
        1779335518.040303
      ],
      "stage_wall_start_s": [
        1779335514.762136,
        1779335515.576382,
        1779335516.085809
      ],
      "step": 31,
      "text": ".",
      "token_id": 16
    },
    {
      "bytes": [
        60,
        239,
        189,
        156,
        101,
        110,
        100,
        226,
        150,
        129,
        111,
        102,
        226,
        150,
        129,
        115,
        101,
        110,
        116,
        101,
        110,
        99,
        101,
        239,
        189,
        156,
        62
      ],
      "coordinator_wall_end_s": 1779335520.17795,
      "coordinator_wall_ms": 1294.381856918335,
      "coordinator_wall_start_s": 1779335518.883568,
      "stage_elapsed_ms": [
        1962.063,
        1909.177,
        1910.229
      ],
      "stage_logits_hashes": [
        "fnv64:032716c8c13dd9e7",
        "fnv64:6958be971b46c08c",
        "fnv64:1a6360139e0e1fcf"
      ],
      "stage_logits_nonfinite": [
        0,
        0,
        0
      ],
      "stage_wall_end_s": [
        1779335518.642489,
        1779335519.44524,
        1779335519.950543
      ],
      "stage_wall_start_s": [
        1779335516.680426,
        1779335517.536064,
        1779335518.040314
      ],
      "step": 32,
      "text": "<\uff5cend\u2581of\u2581sentence\uff5c>",
      "token_id": 1
    },
    {
      "bytes": [
        44
      ],
      "coordinator_wall_end_s": 1779335522.145639,
      "coordinator_wall_ms": 1307.1908950805664,
      "coordinator_wall_start_s": 1779335520.838448,
      "stage_elapsed_ms": [
        1914.79,
        1953.473,
        1972.78
      ],
      "stage_logits_hashes": [
        "fnv64:2f5b69113c9649bc",
        "fnv64:1694b7a55be3f5c9",
        "fnv64:c930b0603dc8f159"
      ],
      "stage_logits_nonfinite": [
        0,
        0,
        0
      ],
      "stage_wall_end_s": [
        1779335520.557289,
        1779335521.398728,
        1779335521.923335
      ],
      "stage_wall_start_s": [
        1779335518.642499,
        1779335519.445256,
        1779335519.950555
      ],
      "step": 33,
      "text": ",",
      "token_id": 14
    },
    {
      "bytes": [
        32,
        111,
        102
      ],
      "coordinator_wall_end_s": 1779335524.011803,
      "coordinator_wall_ms": 1252.431869506836,
      "coordinator_wall_start_s": 1779335522.759371,
      "stage_elapsed_ms": [
        1958.378,
        1891.714,
        1867.914
      ],
      "stage_logits_hashes": [
        "fnv64:df03d59090c1f7ba",
        "fnv64:a95f0880c9154a94",
        "fnv64:aa872e135e202600"
      ],
      "stage_logits_nonfinite": [
        0,
        0,
        0
      ],
      "stage_wall_end_s": [
        1779335522.515676,
        1779335523.290455,
        1779335523.79126
      ],
      "stage_wall_start_s": [
        1779335520.557297,
        1779335521.398741,
        1779335521.923346
      ],
      "step": 34,
      "text": " of",
      "token_id": 294
    },
    {
      "bytes": [
        32,
        99,
        111,
        117,
        114,
        115,
        101
      ],
      "coordinator_wall_end_s": 1779335525.915916,
      "coordinator_wall_ms": 1282.4559211730957,
      "coordinator_wall_start_s": 1779335524.63346,
      "stage_elapsed_ms": [
        1856.481,
        1894.904,
        1899.221
      ],
      "stage_logits_hashes": [
        "fnv64:6dfca55a6cebf0c0",
        "fnv64:3cb109f122a739f2",
        "fnv64:bd881ee1a1930ef7"
      ],
      "stage_logits_nonfinite": [
        0,
        0,
        0
      ],
      "stage_wall_end_s": [
        1779335524.372166,
        1779335525.185369,
        1779335525.690492
      ],
      "stage_wall_start_s": [
        1779335522.515685,
        1779335523.290464,
        1779335523.79127
      ],
      "step": 35,
      "text": " course",
      "token_id": 3584
    },
    {
      "bytes": [
        46
      ],
      "coordinator_wall_end_s": 1779335527.775628,
      "coordinator_wall_ms": 1229.551076889038,
      "coordinator_wall_start_s": 1779335526.546077,
      "stage_elapsed_ms": [
        1922.794,
        1899.855,
        1890.056
      ],
      "stage_logits_hashes": [
        "fnv64:ac2cb2e8fa510247",
        "fnv64:7e6b0ef1270fba25",
        "fnv64:a3f0871bb1e6d40e"
      ],
      "stage_logits_nonfinite": [
        0,
        0,
        0
      ],
      "stage_wall_end_s": [
        1779335526.294969,
        1779335527.085239,
        1779335527.58056
      ],
      "stage_wall_start_s": [
        1779335524.372175,
        1779335525.185385,
        1779335525.690503
      ],
      "step": 36,
      "text": ".",
      "token_id": 16
    },
    {
      "bytes": [
        60,
        239,
        189,
        156,
        101,
        110,
        100,
        226,
        150,
        129,
        111,
        102,
        226,
        150,
        129,
        115,
        101,
        110,
        116,
        101,
        110,
        99,
        101,
        239,
        189,
        156,
        62
      ],
      "coordinator_wall_end_s": 1779335529.663336,
      "coordinator_wall_ms": 1259.1609954833984,
      "coordinator_wall_start_s": 1779335528.404175,
      "stage_elapsed_ms": [
        1855.359,
        1854.238,
        1868.041
      ],
      "stage_logits_hashes": [
        "fnv64:dc0832f48852e90e",
        "fnv64:98b06bc4d7acb02d",
        "fnv64:336a64a5532fdf5b"
      ],
      "stage_logits_nonfinite": [
        0,
        0,
        0
      ],
      "stage_wall_end_s": [
        1779335528.150337,
        1779335528.939485,
        1779335529.448612
      ],
      "stage_wall_start_s": [
        1779335526.294978,
        1779335527.085248,
        1779335527.580571
      ],
      "step": 37,
      "text": "<\uff5cend\u2581of\u2581sentence\uff5c>",
      "token_id": 1
    },
    {
      "bytes": [
        44
      ],
      "coordinator_wall_end_s": 1779335531.5380192,
      "coordinator_wall_ms": 1259.6962451934814,
      "coordinator_wall_start_s": 1779335530.278323,
      "stage_elapsed_ms": [
        1877.528,
        1889.268,
        1881.048
      ],
      "stage_logits_hashes": [
        "fnv64:800186e4007763eb",
        "fnv64:f4b9e8237134d743",
        "fnv64:8dbd867af0d0b450"
      ],
      "stage_logits_nonfinite": [
        0,
        0,
        0
      ],
      "stage_wall_end_s": [
        1779335530.027873,
        1779335530.828762,
        1779335531.329673
      ],
      "stage_wall_start_s": [
        1779335528.150345,
        1779335528.939494,
        1779335529.448624
      ],
      "step": 38,
      "text": ",",
      "token_id": 14
    },
    {
      "bytes": [
        32,
        111,
        102
      ],
      "coordinator_wall_end_s": 1779335533.4410582,
      "coordinator_wall_ms": 1270.2171802520752,
      "coordinator_wall_start_s": 1779335532.170841,
      "stage_elapsed_ms": [
        1897.259,
        1881.731,
        1889.914
      ],
      "stage_logits_hashes": [
        "fnv64:e16bf4019a3f44e1",
        "fnv64:9f3f92759ba6c79c",
        "fnv64:6a2331dd2b1acdd9"
      ],
      "stage_logits_nonfinite": [
        0,
        0,
        0
      ],
      "stage_wall_end_s": [
        1779335531.92514,
        1779335532.710508,
        1779335533.219597
      ],
      "stage_wall_start_s": [
        1779335530.027881,
        1779335530.828777,
        1779335531.329684
      ],
      "step": 39,
      "text": " of",
      "token_id": 294
    },
    {
      "bytes": [
        32,
        99,
        111,
        117,
        114,
        115,
        101
      ],
      "coordinator_wall_end_s": 1779335535.384183,
      "coordinator_wall_ms": 1293.0138111114502,
      "coordinator_wall_start_s": 1779335534.091169,
      "stage_elapsed_ms": [
        1897.415,
        1923.756,
        1940.231
      ],
      "stage_logits_hashes": [
        "fnv64:14fcda1627d3e1e1",
        "fnv64:7f58c6b630e7418a",
        "fnv64:113e97176f880450"
      ],
      "stage_logits_nonfinite": [
        0,
        0,
        0
      ],
      "stage_wall_end_s": [
        1779335533.822565,
        1779335534.634279,
        1779335535.159839
      ],
      "stage_wall_start_s": [
        1779335531.92515,
        1779335532.710523,
        1779335533.219609
      ],
      "step": 40,
      "text": " course",
      "token_id": 3584
    },
    {
      "bytes": [
        46
      ],
      "coordinator_wall_end_s": 1779335537.3396108,
      "coordinator_wall_ms": 1285.3267192840576,
      "coordinator_wall_start_s": 1779335536.054284,
      "stage_elapsed_ms": [
        1958.861,
        1957.792,
        1949.73
      ],
      "stage_logits_hashes": [
        "fnv64:3727ee4270f41491",
        "fnv64:411d0a1d6e6d010c",
        "fnv64:0875d84277ff9b1c"
      ],
      "stage_logits_nonfinite": [
        0,
        0,
        0
      ],
      "stage_wall_end_s": [
        1779335535.781435,
        1779335536.59208,
        1779335537.109581
      ],
      "stage_wall_start_s": [
        1779335533.822574,
        1779335534.634288,
        1779335535.159851
      ],
      "step": 41,
      "text": ".",
      "token_id": 16
    },
    {
      "bytes": [
        60,
        239,
        189,
        156,
        101,
        110,
        100,
        226,
        150,
        129,
        111,
        102,
        226,
        150,
        129,
        115,
        101,
        110,
        116,
        101,
        110,
        99,
        101,
        239,
        189,
        156,
        62
      ],
      "coordinator_wall_end_s": 1779335539.2785192,
      "coordinator_wall_ms": 1286.7052555084229,
      "coordinator_wall_start_s": 1779335537.991814,
      "stage_elapsed_ms": [
        1959.025,
        1945.46,
        1950.054
      ],
      "stage_logits_hashes": [
        "fnv64:44e65a2a8494394e",
        "fnv64:6e9dff2703b87c83",
        "fnv64:bda29bd51c3d5853"
      ],
      "stage_logits_nonfinite": [
        0,
        0,
        0
      ],
      "stage_wall_end_s": [
        1779335537.740469,
        1779335538.537556,
        1779335539.059646
      ],
      "stage_wall_start_s": [
        1779335535.781444,
        1779335536.592096,
        1779335537.109591
      ],
      "step": 42,
      "text": "<\uff5cend\u2581of\u2581sentence\uff5c>",
      "token_id": 1
    },
    {
      "bytes": [
        44
      ],
      "coordinator_wall_end_s": 1779335541.1776252,
      "coordinator_wall_ms": 1270.12300491333,
      "coordinator_wall_start_s": 1779335539.9075022,
      "stage_elapsed_ms": [
        1925.485,
        1914.4,
        1905.807
      ],
      "stage_logits_hashes": [
        "fnv64:59567bbfec1af978",
        "fnv64:70b4453caec52670",
        "fnv64:ea1f98750ca5095b"
      ],
      "stage_logits_nonfinite": [
        0,
        0,
        0
      ],
      "stage_wall_end_s": [
        1779335539.665963,
        1779335540.451964,
        1779335540.965465
      ],
      "stage_wall_start_s": [
        1779335537.740478,
        1779335538.537565,
        1779335539.059658
      ],
      "step": 43,
      "text": ",",
      "token_id": 14
    },
    {
      "bytes": [
        32,
        111,
        102
      ],
      "coordinator_wall_end_s": 1779335543.065635,
      "coordinator_wall_ms": 1247.1778392791748,
      "coordinator_wall_start_s": 1779335541.8184571,
      "stage_elapsed_ms": [
        1892.225,
        1914.134,
        1878.973
      ],
      "stage_logits_hashes": [
        "fnv64:e40be7445b95f635",
        "fnv64:f15e67e0c53c64a8",
        "fnv64:0999a304c5f083b2"
      ],
      "stage_logits_nonfinite": [
        0,
        0,
        0
      ],
      "stage_wall_end_s": [
        1779335541.558197,
        1779335542.366107,
        1779335542.844449
      ],
      "stage_wall_start_s": [
        1779335539.665972,
        1779335540.451973,
        1779335540.965476
      ],
      "step": 44,
      "text": " of",
      "token_id": 294
    },
    {
      "bytes": [
        32,
        99,
        111,
        117,
        114,
        115,
        101
      ],
      "coordinator_wall_end_s": 1779335544.996167,
      "coordinator_wall_ms": 1289.5140647888184,
      "coordinator_wall_start_s": 1779335543.7066529,
      "stage_elapsed_ms": [
        1876.072,
        1893.833,
        1918.392
      ],
      "stage_logits_hashes": [
        "fnv64:77f11608b4a94f72",
        "fnv64:1d98015ae084e1a6",
        "fnv64:3407c4f50c221c36"
      ],
      "stage_logits_nonfinite": [
        0,
        0,
        0
      ],
      "stage_wall_end_s": [
        1779335543.434278,
        1779335544.259955,
        1779335544.762852
      ],
      "stage_wall_start_s": [
        1779335541.558207,
        1779335542.366122,
        1779335542.84446
      ],
      "step": 45,
      "text": " course",
      "token_id": 3584
    },
    {
      "bytes": [
        46
      ],
      "coordinator_wall_end_s": 1779335546.984245,
      "coordinator_wall_ms": 1319.5230960845947,
      "coordinator_wall_start_s": 1779335545.664722,
      "stage_elapsed_ms": [
        1946.452,
        2016.257,
        2007.264
      ],
      "stage_logits_hashes": [
        "fnv64:50f7a62fa259359b",
        "fnv64:fd9353d65158cb66",
        "fnv64:7e69bceba1362260"
      ],
      "stage_logits_nonfinite": [
        0,
        0,
        0
      ],
      "stage_wall_end_s": [
        1779335545.380739,
        1779335546.276222,
        1779335546.770129
      ],
      "stage_wall_start_s": [
        1779335543.434287,
        1779335544.259965,
        1779335544.762865
      ],
      "step": 46,
      "text": ".",
      "token_id": 16
    },
    {
      "bytes": [
        60,
        239,
        189,
        156,
        101,
        110,
        100,
        226,
        150,
        129,
        111,
        102,
        226,
        150,
        129,
        115,
        101,
        110,
        116,
        101,
        110,
        99,
        101,
        239,
        189,
        156,
        62
      ],
      "coordinator_wall_end_s": 1779335548.862797,
      "coordinator_wall_ms": 1262.9978656768799,
      "coordinator_wall_start_s": 1779335547.5997992,
      "stage_elapsed_ms": [
        1966.495,
        1863.999,
        1869.379
      ],
      "stage_logits_hashes": [
        "fnv64:b7af3fa45d8ebe1c",
        "fnv64:cedd9bbc312f2971",
        "fnv64:3e5e3b13fbd71974"
      ],
      "stage_logits_nonfinite": [
        0,
        0,
        0
      ],
      "stage_wall_end_s": [
        1779335547.347242,
        1779335548.140235,
        1779335548.63952
      ],
      "stage_wall_start_s": [
        1779335545.380748,
        1779335546.276236,
        1779335546.770141
      ],
      "step": 47,
      "text": "<\uff5cend\u2581of\u2581sentence\uff5c>",
      "token_id": 1
    },
    {
      "bytes": [
        44
      ],
      "coordinator_wall_end_s": 1779335550.764344,
      "coordinator_wall_ms": 1267.137050628662,
      "coordinator_wall_start_s": 1779335549.497207,
      "stage_elapsed_ms": [
        1894.644,
        1891.115,
        1898.73
      ],
      "stage_logits_hashes": [
        "fnv64:a67413289ae592af",
        "fnv64:c3581e84cf595154",
        "fnv64:633b1329475466fd"
      ],
      "stage_logits_nonfinite": [
        0,
        0,
        0
      ],
      "stage_wall_end_s": [
        1779335549.241895,
        1779335550.031365,
        1779335550.538263
      ],
      "stage_wall_start_s": [
        1779335547.347251,
        1779335548.140249,
        1779335548.639533
      ],
      "step": 48,
      "text": ",",
      "token_id": 14
    },
    {
      "bytes": [
        32,
        111,
        102
      ],
      "coordinator_wall_end_s": 1779335552.7404191,
      "coordinator_wall_ms": 1286.769151687622,
      "coordinator_wall_start_s": 1779335551.45365,
      "stage_elapsed_ms": [
        1906.342,
        1975.343,
        1973.347
      ],
      "stage_logits_hashes": [
        "fnv64:7146e19d2603f568",
        "fnv64:7c37f24ce9ec67c9",
        "fnv64:84efc9f930b23bda"
      ],
      "stage_logits_nonfinite": [
        0,
        0,
        0
      ],
      "stage_wall_end_s": [
        1779335551.148246,
        1779335552.006717,
        1779335552.51162
      ],
      "stage_wall_start_s": [
        1779335549.241904,
        1779335550.031373,
        1779335550.538274
      ],
      "step": 49,
      "text": " of",
      "token_id": 294
    },
    {
      "bytes": [
        32,
        99,
        111,
        117,
        114,
        115,
        101
      ],
      "coordinator_wall_end_s": 1779335554.716186,
      "coordinator_wall_ms": 1314.9659633636475,
      "coordinator_wall_start_s": 1779335553.40122,
      "stage_elapsed_ms": [
        1971.921,
        1970.033,
        1981.897
      ],
      "stage_logits_hashes": [
        "fnv64:4fe4d292963aa8cf",
        "fnv64:042de9bdc1dbc9c1",
        "fnv64:3e2bcdcd69ff9e4f"
      ],
      "stage_logits_nonfinite": [
        0,
        0,
        0
      ],
      "stage_wall_end_s": [
        1779335553.120176,
        1779335553.976758,
        1779335554.493529
      ],
      "stage_wall_start_s": [
        1779335551.148255,
        1779335552.006725,
        1779335552.511632
      ],
      "step": 50,
      "text": " course",
      "token_id": 3584
    },
    {
      "bytes": [
        46
      ],
      "coordinator_wall_end_s": 1779335556.613472,
      "coordinator_wall_ms": 1288.5870933532715,
      "coordinator_wall_start_s": 1779335555.324885,
      "stage_elapsed_ms": [
        1960.398,
        1893.349,
        1891.38
      ],
      "stage_logits_hashes": [
        "fnv64:f3c98f7e7ae2e46c",
        "fnv64:ed5616376ffe0482",
        "fnv64:271146f4de5d714b"
      ],
      "stage_logits_nonfinite": [
        0,
        0,
        0
      ],
      "stage_wall_end_s": [
        1779335555.080584,
        1779335555.870116,
        1779335556.384919
      ],
      "stage_wall_start_s": [
        1779335553.120185,
        1779335553.976766,
        1779335554.493539
      ],
      "step": 51,
      "text": ".",
      "token_id": 16
    },
    {
      "bytes": [
        32,
        40
      ],
      "coordinator_wall_end_s": 1779335558.524547,
      "coordinator_wall_ms": 1266.1092281341553,
      "coordinator_wall_start_s": 1779335557.2584379,
      "stage_elapsed_ms": [
        1894.899,
        1939.94,
        1921.973
      ],
      "stage_logits_hashes": [
        "fnv64:cfdd2838626b9614",
        "fnv64:e11ba4dd6af41041",
        "fnv64:f10315433f4ed09c"
      ],
      "stage_logits_nonfinite": [
        0,
        0,
        0
      ],
      "stage_wall_end_s": [
        1779335556.975492,
        1779335557.810065,
        1779335558.306904
      ],
      "stage_wall_start_s": [
        1779335555.080593,
        1779335555.870125,
        1779335556.384931
      ],
      "step": 52,
      "text": " (",
      "token_id": 343
    },
    {
      "bytes": [
        84,
        104,
        101
      ],
      "coordinator_wall_end_s": 1779335560.39291,
      "coordinator_wall_ms": 1257.6830387115479,
      "coordinator_wall_start_s": 1779335559.135227,
      "stage_elapsed_ms": [
        1909.133,
        1865.565,
        1869.793
      ],
      "stage_logits_hashes": [
        "fnv64:842f25946782407b",
        "fnv64:32997d723f4bd105",
        "fnv64:88a318ac7f5d8935"
      ],
      "stage_logits_nonfinite": [
        0,
        0,
        0
      ],
      "stage_wall_end_s": [
        1779335558.884634,
        1779335559.675638,
        1779335560.176707
      ],
      "stage_wall_start_s": [
        1779335556.975501,
        1779335557.810073,
        1779335558.306914
      ],
      "step": 53,
      "text": "The",
      "token_id": 671
    },
    {
      "bytes": [
        32,
        114,
        101,
        112,
        101,
        116,
        105,
        116,
        105,
        111,
        110
      ],
      "coordinator_wall_end_s": 1779335562.349188,
      "coordinator_wall_ms": 1284.510850906372,
      "coordinator_wall_start_s": 1779335561.0646772,
      "stage_elapsed_ms": [
        1907.429,
        1941.361,
        1962.328
      ],
      "stage_logits_hashes": [
        "fnv64:9c04132a5c8436bb",
        "fnv64:c84267535ac6a48f",
        "fnv64:d1a314d3725433c5"
      ],
      "stage_logits_nonfinite": [
        0,
        0,
        0
      ],
      "stage_wall_end_s": [
        1779335560.792072,
        1779335561.617007,
        1779335562.139045
      ],
      "stage_wall_start_s": [
        1779335558.884642,
        1779335559.675647,
        1779335560.176717
      ],
      "step": 54,
      "text": " repetition",
      "token_id": 42039
    },
    {
      "bytes": [
        32,
        105,
        115
      ],
      "coordinator_wall_end_s": 1779335564.24139,
      "coordinator_wall_ms": 1250.6048679351807,
      "coordinator_wall_start_s": 1779335562.9907851,
      "stage_elapsed_ms": [
        1946.538,
        1902.731,
        1885.77
      ],
      "stage_logits_hashes": [
        "fnv64:9014dfe0a385da70",
        "fnv64:ec94904ec28c15fd",
        "fnv64:b0ef7ad9cd149382"
      ],
      "stage_logits_nonfinite": [
        0,
        0,
        0
      ],
      "stage_wall_end_s": [
        1779335562.738619,
        1779335563.519756,
        1779335564.024835
      ],
      "stage_wall_start_s": [
        1779335560.792081,
        1779335561.617025,
        1779335562.139066
      ],
      "step": 55,
      "text": " is",
      "token_id": 344
    },
    {
      "bytes": [
        32,
        97
      ],
      "coordinator_wall_end_s": 1779335566.169069,
      "coordinator_wall_ms": 1281.635046005249,
      "coordinator_wall_start_s": 1779335564.887434,
      "stage_elapsed_ms": [
        1882.005,
        1932.53,
        1935.298
      ],
      "stage_logits_hashes": [
        "fnv64:4b94d8d502c9a9e5",
        "fnv64:a6af1ac5b24719a3",
        "fnv64:c8fbcf7fc667af5b"
      ],
      "stage_logits_nonfinite": [
        0,
        0,
        0
      ],
      "stage_wall_end_s": [
        1779335564.620632,
        1779335565.4523,
        1779335565.960143
      ],
      "stage_wall_start_s": [
        1779335562.738627,
        1779335563.51977,
        1779335564.024846
      ],
      "step": 56,
      "text": " a",
      "token_id": 260
    },
    {
      "bytes": [
        32,
        112,
        108,
        97,
        121,
        102,
        117,
        108
      ],
      "coordinator_wall_end_s": 1779335568.066311,
      "coordinator_wall_ms": 1259.8309516906738,
      "coordinator_wall_start_s": 1779335566.80648,
      "stage_elapsed_ms": [
        1918.934,
        1883.301,
        1892.425
      ],
      "stage_logits_hashes": [
        "fnv64:ffa960917820c77d",
        "fnv64:03b54c0d1465ff54",
        "fnv64:a3bf410eb95977d8"
      ],
      "stage_logits_nonfinite": [
        0,
        0,
        0
      ],
      "stage_wall_end_s": [
        1779335566.539575,
        1779335567.335616,
        1779335567.852583
      ],
      "stage_wall_start_s": [
        1779335564.620641,
        1779335565.452315,
        1779335565.960158
      ],
      "step": 57,
      "text": " playful",
      "token_id": 60918
    },
    {
      "bytes": [
        32,
        119,
        97,
        121
      ],
      "coordinator_wall_end_s": 1779335569.937141,
      "coordinator_wall_ms": 1264.251947402954,
      "coordinator_wall_start_s": 1779335568.672889,
      "stage_elapsed_ms": [
        1896.067,
        1878.711,
        1869.21
      ],
      "stage_logits_hashes": [
        "fnv64:9fdd98d6d37226ef",
        "fnv64:c4d71c2233f0ff19",
        "fnv64:41ac845ce62b8864"
      ],
      "stage_logits_nonfinite": [
        0,
        0,
        0
      ],
      "stage_wall_end_s": [
        1779335568.435651,
        1779335569.214334,
        1779335569.721817
      ],
      "stage_wall_start_s": [
        1779335566.539584,
        1779335567.335624,
        1779335567.852608
      ],
      "step": 58,
      "text": " way",
      "token_id": 1722
    },
    {
      "bytes": [
        32,
        116,
        111
      ],
      "coordinator_wall_end_s": 1779335572.0631711,
      "coordinator_wall_ms": 1294.438123703003,
      "coordinator_wall_start_s": 1779335570.768733,
      "stage_elapsed_ms": [
        2058.96,
        2119.738,
        2112.947
      ],
      "stage_logits_hashes": [
        "fnv64:389bb3632ee94e58",
        "fnv64:facf3d583718d058",
        "fnv64:90f0e47947c52196"
      ],
      "stage_logits_nonfinite": [
        0,
        0,
        0
      ],
      "stage_wall_end_s": [
        1779335570.49462,
        1779335571.334088,
        1779335571.834781
      ],
      "stage_wall_start_s": [
        1779335568.43566,
        1779335569.21435,
        1779335569.721834
      ],
      "step": 59,
      "text": " to",
      "token_id": 304
    },
    {
      "bytes": [
        32,
        101,
        109,
        112,
        104,
        97,
        115,
        105,
        122,
        101
      ],
      "coordinator_wall_end_s": 1779335573.9816792,
      "coordinator_wall_ms": 1267.228364944458,
      "coordinator_wall_start_s": 1779335572.7144508,
      "stage_elapsed_ms": [
        1957.03,
        1934.517,
        1939.502
      ],
      "stage_logits_hashes": [
        "fnv64:1727e57ce3663862",
        "fnv64:e3fa121ff23084ec",
        "fnv64:dfbc2b8b18c7b408"
      ],
      "stage_logits_nonfinite": [
        0,
        0,
        0
      ],
      "stage_wall_end_s": [
        1779335572.45166,
        1779335573.268619,
        1779335573.774297
      ],
      "stage_wall_start_s": [
        1779335570.49463,
        1779335571.334103,
        1779335571.834796
      ],
      "step": 60,
      "text": " emphasize",
      "token_id": 32904
    },
    {
      "bytes": [
        32,
        116,
        104,
        101
      ],
      "coordinator_wall_end_s": 1779335575.886403,
      "coordinator_wall_ms": 1268.7160968780518,
      "coordinator_wall_start_s": 1779335574.617687,
      "stage_elapsed_ms": [
        1896.357,
        1890.191,
        1904.728
      ],
      "stage_logits_hashes": [
        "fnv64:ecc38906e2636311",
        "fnv64:90e896a6c789fc2a",
        "fnv64:d1a2eb78e92547cd"
      ],
      "stage_logits_nonfinite": [
        0,
        0,
        0
      ],
      "stage_wall_end_s": [
        1779335574.348026,
        1779335575.158819,
        1779335575.679051
      ],
      "stage_wall_start_s": [
        1779335572.451669,
        1779335573.268628,
        1779335573.774323
      ],
      "step": 61,
      "text": " the",
      "token_id": 270
    },
    {
      "bytes": [
        32,
        99,
        101,
        114,
        116,
        97,
        105,
        110,
        116,
        121
      ],
      "coordinator_wall_end_s": 1779335577.791106,
      "coordinator_wall_ms": 1270.8690166473389,
      "coordinator_wall_start_s": 1779335576.520237,
      "stage_elapsed_ms": [
        1916.0,
        1915.565,
        1891.772
      ],
      "stage_logits_hashes": [
        "fnv64:6fae84d916760c67",
        "fnv64:3bac6f715335f6b1",
        "fnv64:3aff95c95b19fd0c"
      ],
      "stage_logits_nonfinite": [
        0,
        0,
        0
      ],
      "stage_wall_end_s": [
        1779335576.264035,
        1779335577.074394,
        1779335577.570838
      ],
      "stage_wall_start_s": [
        1779335574.348036,
        1779335575.158828,
        1779335575.679065
      ],
      "step": 62,
      "text": " certainty",
      "token_id": 41570
    },
    {
      "bytes": [
        32,
        111,
        102
      ],
      "coordinator_wall_end_s": 1779335579.731672,
      "coordinator_wall_ms": 1297.2149848937988,
      "coordinator_wall_start_s": 1779335578.434457,
      "stage_elapsed_ms": [
        1905.299,
        1920.37,
        1950.741
      ],
      "stage_logits_hashes": [
        "fnv64:6422e3d4a40fda1a",
        "fnv64:4aab4d9ef9be84b4",
        "fnv64:55e8a3c0516a49a3"
      ],
      "stage_logits_nonfinite": [
        0,
        0,
        0
      ],
      "stage_wall_end_s": [
        1779335578.169343,
        1779335578.99478,
        1779335579.521595
      ],
      "stage_wall_start_s": [
        1779335576.264044,
        1779335577.074409,
        1779335577.570853
      ],
      "step": 63,
      "text": " of",
      "token_id": 294
    }
  ]
}
PP3_TOKEN_IDS=[20, 13, 20, 9615, 223, 22, 16, 1, 14, 294, 3584, 16, 1, 14, 294, 3584, 16, 1, 14, 294, 3584, 16, 1, 14, 294, 3584, 16, 1, 14, 294, 3584, 16, 1, 14, 294, 3584, 16, 1, 14, 294, 3584, 16, 1, 14, 294, 3584, 16, 1, 14, 294, 3584, 16, 343, 671, 42039, 344, 260, 60918, 1722, 304, 32904, 270, 41570, 294]
PP3_TEXT='2+2 equals 4.<｜end▁of▁sentence｜>, of course.<｜end▁of▁sentence｜>, of course.<｜end▁of▁sentence｜>, of course.<｜end▁of▁sentence｜>, of course.<｜end▁of▁sentence｜>, of course.<｜end▁of▁sentence｜>, of course.<｜end▁of▁sentence｜>, of course.<｜end▁of▁sentence｜>, of course.<｜end▁of▁sentence｜>, of course. (The repetition is a playful way to emphasize the certainty of'
PP3_STEP_LATENCIES_MS=[31206.223, 1703.744, 1236.442, 1258.049, 1257.374, 1274.7, 1267.204, 1287.655, 1311.46, 1298.827, 1283.52, 1285.85, 1258.639, 1291.989, 1284.85, 1299.299, 1243.447, 1276.226, 1302.714, 1310.412, 1284.207, 1296.123, 1302.497, 1258.086, 1275.05, 1271.724, 1266.888, 1458.313, 1225.991, 1348.212, 1284.426, 1293.632, 1294.382, 1307.191, 1252.432, 1282.456, 1229.551, 1259.161, 1259.696, 1270.217, 1293.014, 1285.327, 1286.705, 1270.123, 1247.178, 1289.514, 1319.523, 1262.998, 1267.137, 1286.769, 1314.966, 1288.587, 1266.109, 1257.683, 1284.511, 1250.605, 1281.635, 1259.831, 1264.252, 1294.438, 1267.228, 1268.716, 1270.869, 1297.215]
PP3_STAGE_ELAPSED_MS=[[587.981, 747.033, 7893.616], [6411.386, 2314.809, 2085.477], [1131.097, 1922.328, 1905.277], [1904.343, 1844.615, 1871.277], [1874.639, 1906.652, 1902.122], [1867.539, 1854.595, 1874.367], [1899.453, 1877.619, 1885.432], [1905.07, 1936.834, 1917.858], [1926.105, 1930.361, 1935.609], [1955.799, 1964.986, 1971.136], [1939.383, 1926.441, 1919.173], [1940.249, 1901.117, 1910.258], [1929.448, 1971.347, 1969.455], [1889.043, 1911.418, 1891.498], [1952.375, 1931.656, 1941.715], [1930.933, 2180.871, 2216.623], [2204.82, 1934.843, 1885.055], [1896.708, 1904.492, 1912.213], [1927.676, 1962.012, 1971.112], [1958.016, 1918.054, 1936.226], [1949.411, 1967.34, 1951.452], [1933.081, 1932.199, 1941.351], [1973.634, 1976.069, 1972.518], [1936.53, 1951.738, 1932.805], [1919.563, 1903.592, 1911.183], [1927.532, 1918.975, 1918.991], [1909.803, 1911.527, 1923.589], [1921.134, 2115.095, 2101.044], [2109.994, 1910.36, 1904.524], [1870.41, 1865.218, 1948.1], [1993.806, 2008.135, 1940.343], [1918.281, 1959.674, 1954.495], [1962.063, 1909.177, 1910.229], [1914.79, 1953.473, 1972.78], [1958.378, 1891.714, 1867.914], [1856.481, 1894.904, 1899.221], [1922.794, 1899.855, 1890.056], [1855.359, 1854.238, 1868.041], [1877.528, 1889.268, 1881.048], [1897.259, 1881.731, 1889.914], [1897.415, 1923.756, 1940.231], [1958.861, 1957.792, 1949.73], [1959.025, 1945.46, 1950.054], [1925.485, 1914.4, 1905.807], [1892.225, 1914.134, 1878.973], [1876.072, 1893.833, 1918.392], [1946.452, 2016.257, 2007.264], [1966.495, 1863.999, 1869.379], [1894.644, 1891.115, 1898.73], [1906.342, 1975.343, 1973.347], [1971.921, 1970.033, 1981.897], [1960.398, 1893.349, 1891.38], [1894.899, 1939.94, 1921.973], [1909.133, 1865.565, 1869.793], [1907.429, 1941.361, 1962.328], [1946.538, 1902.731, 1885.77], [1882.005, 1932.53, 1935.298], [1918.934, 1883.301, 1892.425], [1896.067, 1878.711, 1869.21], [2058.96, 2119.738, 2112.947], [1957.03, 1934.517, 1939.502], [1896.357, 1890.191, 1904.728], [1916.0, 1915.565, 1891.772], [1905.299, 1920.37, 1950.741]]
PP3_AGGREGATE_TOK_S_INCLUDING_STEP0=0.570
PP3_STEADY_TOK_S_EXCLUDING_STEP0=0.777
