=== pp1 ===
{
  "aggregate_tok_s_including_step0": 8.26637675794512,
  "aggregate_wall_ms_including_step0": 7742.206999999999,
  "blocker_detail": "",
  "blocker_kind": "none",
  "generated_text": "2+2 equals 4.<\uff5cend\u2581of\u2581sentence\uff5c>, of course.<\uff5cend\u2581of\u2581sentence\uff5c>, of course.<\uff5cend\u2581of\u2581sentence\uff5c>, of course.<\uff5cend\u2581of\u2581sentence\uff5c>, of course.<\uff5cend\u2581of\u2581sentence\uff5c>, of course.<\uff5cend\u2581of\u2581sentence\uff5c>, of course.<\uff5cend\u2581of\u2581sentence\uff5c>, of course.<\uff5cend\u2581of\u2581sentence\uff5c>, of course.<\uff5cend\u2581of\u2581sentence\uff5c>, of course. (The repetition is a playful way to emphasize the certainty of",
  "generated_token_ids": [
    20,
    13,
    20,
    9615,
    223,
    22,
    16,
    1,
    14,
    294,
    3584,
    16,
    1,
    14,
    294,
    3584,
    16,
    1,
    14,
    294,
    3584,
    16,
    1,
    14,
    294,
    3584,
    16,
    1,
    14,
    294,
    3584,
    16,
    1,
    14,
    294,
    3584,
    16,
    1,
    14,
    294,
    3584,
    16,
    1,
    14,
    294,
    3584,
    16,
    1,
    14,
    294,
    3584,
    16,
    343,
    671,
    42039,
    344,
    260,
    60918,
    1722,
    304,
    32904,
    270,
    41570,
    294
  ],
  "mode": "pp1",
  "prompt": "what is 2+2?",
  "prompt_token_ids": [
    0,
    3476,
    477,
    260,
    11502,
    22896,
    128803,
    9602,
    344,
    223,
    20,
    13,
    20,
    33,
    128804,
    128822
  ],
  "raw_log_path": "/private/tmp/ds4_lane_a2_64tok_spark2_pp1_fixed_20260521T0225Z/pp1/pp3_steps.json",
  "rendered_prompt": "<\uff5cbegin\u2581of\u2581sentence\uff5c>You are a helpful assistant<\uff5cUser\uff5c>what is 2+2?<\uff5cAssistant\uff5c></think>",
  "steady_tok_s_excluding_step0": 11.878871710825273,
  "steady_wall_ms_excluding_step0": 5303.534,
  "steps": [
    {
      "bytes": [
        50
      ],
      "coordinator_wall_end_s": 0.0,
      "coordinator_wall_ms": 0.0,
      "coordinator_wall_start_s": 0.0,
      "stage_elapsed_ms": [
        2438.673
      ],
      "stage_logits_hashes": [
        "fnv64:2bb12d673593e0e1"
      ],
      "stage_logits_nonfinite": [
        0
      ],
      "stage_wall_end_s": [
        1779336201.9945
      ],
      "stage_wall_start_s": [
        1779336199.555827
      ],
      "step": 0,
      "text": "2",
      "token_id": 20
    },
    {
      "bytes": [
        43
      ],
      "coordinator_wall_end_s": 0.0,
      "coordinator_wall_ms": 0.0,
      "coordinator_wall_start_s": 0.0,
      "stage_elapsed_ms": [
        1360.031
      ],
      "stage_logits_hashes": [
        "fnv64:48991d207a113687"
      ],
      "stage_logits_nonfinite": [
        0
      ],
      "stage_wall_end_s": [
        1779336203.354547
      ],
      "stage_wall_start_s": [
        1779336201.994515
      ],
      "step": 1,
      "text": "+",
      "token_id": 13
    },
    {
      "bytes": [
        50
      ],
      "coordinator_wall_end_s": 0.0,
      "coordinator_wall_ms": 0.0,
      "coordinator_wall_start_s": 0.0,
      "stage_elapsed_ms": [
        64.551
      ],
      "stage_logits_hashes": [
        "fnv64:74b990b3d7ca655a"
      ],
      "stage_logits_nonfinite": [
        0
      ],
      "stage_wall_end_s": [
        1779336203.419111
      ],
      "stage_wall_start_s": [
        1779336203.35456
      ],
      "step": 2,
      "text": "2",
      "token_id": 20
    },
    {
      "bytes": [
        32,
        101,
        113,
        117,
        97,
        108,
        115
      ],
      "coordinator_wall_end_s": 0.0,
      "coordinator_wall_ms": 0.0,
      "coordinator_wall_start_s": 0.0,
      "stage_elapsed_ms": [
        64.572
      ],
      "stage_logits_hashes": [
        "fnv64:b9c91f768fb00248"
      ],
      "stage_logits_nonfinite": [
        0
      ],
      "stage_wall_end_s": [
        1779336203.483687
      ],
      "stage_wall_start_s": [
        1779336203.419115
      ],
      "step": 3,
      "text": " equals",
      "token_id": 9615
    },
    {
      "bytes": [
        32
      ],
      "coordinator_wall_end_s": 0.0,
      "coordinator_wall_ms": 0.0,
      "coordinator_wall_start_s": 0.0,
      "stage_elapsed_ms": [
        63.576
      ],
      "stage_logits_hashes": [
        "fnv64:6e0990b52c66f7e5"
      ],
      "stage_logits_nonfinite": [
        0
      ],
      "stage_wall_end_s": [
        1779336203.547268
      ],
      "stage_wall_start_s": [
        1779336203.483691
      ],
      "step": 4,
      "text": " ",
      "token_id": 223
    },
    {
      "bytes": [
        52
      ],
      "coordinator_wall_end_s": 0.0,
      "coordinator_wall_ms": 0.0,
      "coordinator_wall_start_s": 0.0,
      "stage_elapsed_ms": [
        64.339
      ],
      "stage_logits_hashes": [
        "fnv64:f0f238773c82a4c3"
      ],
      "stage_logits_nonfinite": [
        0
      ],
      "stage_wall_end_s": [
        1779336203.611611
      ],
      "stage_wall_start_s": [
        1779336203.547271
      ],
      "step": 5,
      "text": "4",
      "token_id": 22
    },
    {
      "bytes": [
        46
      ],
      "coordinator_wall_end_s": 0.0,
      "coordinator_wall_ms": 0.0,
      "coordinator_wall_start_s": 0.0,
      "stage_elapsed_ms": [
        62.787
      ],
      "stage_logits_hashes": [
        "fnv64:6d9ee5385af47922"
      ],
      "stage_logits_nonfinite": [
        0
      ],
      "stage_wall_end_s": [
        1779336203.674401
      ],
      "stage_wall_start_s": [
        1779336203.611614
      ],
      "step": 6,
      "text": ".",
      "token_id": 16
    },
    {
      "bytes": [
        60,
        239,
        189,
        156,
        101,
        110,
        100,
        226,
        150,
        129,
        111,
        102,
        226,
        150,
        129,
        115,
        101,
        110,
        116,
        101,
        110,
        99,
        101,
        239,
        189,
        156,
        62
      ],
      "coordinator_wall_end_s": 0.0,
      "coordinator_wall_ms": 0.0,
      "coordinator_wall_start_s": 0.0,
      "stage_elapsed_ms": [
        62.837
      ],
      "stage_logits_hashes": [
        "fnv64:19fdacdfb35f3e41"
      ],
      "stage_logits_nonfinite": [
        0
      ],
      "stage_wall_end_s": [
        1779336203.737241
      ],
      "stage_wall_start_s": [
        1779336203.674404
      ],
      "step": 7,
      "text": "<\uff5cend\u2581of\u2581sentence\uff5c>",
      "token_id": 1
    },
    {
      "bytes": [
        44
      ],
      "coordinator_wall_end_s": 0.0,
      "coordinator_wall_ms": 0.0,
      "coordinator_wall_start_s": 0.0,
      "stage_elapsed_ms": [
        63.54
      ],
      "stage_logits_hashes": [
        "fnv64:04898399eeb51acd"
      ],
      "stage_logits_nonfinite": [
        0
      ],
      "stage_wall_end_s": [
        1779336203.800786
      ],
      "stage_wall_start_s": [
        1779336203.737246
      ],
      "step": 8,
      "text": ",",
      "token_id": 14
    },
    {
      "bytes": [
        32,
        111,
        102
      ],
      "coordinator_wall_end_s": 0.0,
      "coordinator_wall_ms": 0.0,
      "coordinator_wall_start_s": 0.0,
      "stage_elapsed_ms": [
        62.833
      ],
      "stage_logits_hashes": [
        "fnv64:e91d530f20521717"
      ],
      "stage_logits_nonfinite": [
        0
      ],
      "stage_wall_end_s": [
        1779336203.863621
      ],
      "stage_wall_start_s": [
        1779336203.800789
      ],
      "step": 9,
      "text": " of",
      "token_id": 294
    },
    {
      "bytes": [
        32,
        99,
        111,
        117,
        114,
        115,
        101
      ],
      "coordinator_wall_end_s": 0.0,
      "coordinator_wall_ms": 0.0,
      "coordinator_wall_start_s": 0.0,
      "stage_elapsed_ms": [
        63.627
      ],
      "stage_logits_hashes": [
        "fnv64:56aae3686127dcee"
      ],
      "stage_logits_nonfinite": [
        0
      ],
      "stage_wall_end_s": [
        1779336203.927252
      ],
      "stage_wall_start_s": [
        1779336203.863625
      ],
      "step": 10,
      "text": " course",
      "token_id": 3584
    },
    {
      "bytes": [
        46
      ],
      "coordinator_wall_end_s": 0.0,
      "coordinator_wall_ms": 0.0,
      "coordinator_wall_start_s": 0.0,
      "stage_elapsed_ms": [
        63.729
      ],
      "stage_logits_hashes": [
        "fnv64:267c650558a390e3"
      ],
      "stage_logits_nonfinite": [
        0
      ],
      "stage_wall_end_s": [
        1779336203.990985
      ],
      "stage_wall_start_s": [
        1779336203.927256
      ],
      "step": 11,
      "text": ".",
      "token_id": 16
    },
    {
      "bytes": [
        60,
        239,
        189,
        156,
        101,
        110,
        100,
        226,
        150,
        129,
        111,
        102,
        226,
        150,
        129,
        115,
        101,
        110,
        116,
        101,
        110,
        99,
        101,
        239,
        189,
        156,
        62
      ],
      "coordinator_wall_end_s": 0.0,
      "coordinator_wall_ms": 0.0,
      "coordinator_wall_start_s": 0.0,
      "stage_elapsed_ms": [
        64.534
      ],
      "stage_logits_hashes": [
        "fnv64:501458d97a2aab70"
      ],
      "stage_logits_nonfinite": [
        0
      ],
      "stage_wall_end_s": [
        1779336204.055521
      ],
      "stage_wall_start_s": [
        1779336203.990988
      ],
      "step": 12,
      "text": "<\uff5cend\u2581of\u2581sentence\uff5c>",
      "token_id": 1
    },
    {
      "bytes": [
        44
      ],
      "coordinator_wall_end_s": 0.0,
      "coordinator_wall_ms": 0.0,
      "coordinator_wall_start_s": 0.0,
      "stage_elapsed_ms": [
        63.417
      ],
      "stage_logits_hashes": [
        "fnv64:e5744fa68824f6b9"
      ],
      "stage_logits_nonfinite": [
        0
      ],
      "stage_wall_end_s": [
        1779336204.118943
      ],
      "stage_wall_start_s": [
        1779336204.055526
      ],
      "step": 13,
      "text": ",",
      "token_id": 14
    },
    {
      "bytes": [
        32,
        111,
        102
      ],
      "coordinator_wall_end_s": 0.0,
      "coordinator_wall_ms": 0.0,
      "coordinator_wall_start_s": 0.0,
      "stage_elapsed_ms": [
        63.782
      ],
      "stage_logits_hashes": [
        "fnv64:69742fd8d0059bd4"
      ],
      "stage_logits_nonfinite": [
        0
      ],
      "stage_wall_end_s": [
        1779336204.182727
      ],
      "stage_wall_start_s": [
        1779336204.118945
      ],
      "step": 14,
      "text": " of",
      "token_id": 294
    },
    {
      "bytes": [
        32,
        99,
        111,
        117,
        114,
        115,
        101
      ],
      "coordinator_wall_end_s": 0.0,
      "coordinator_wall_ms": 0.0,
      "coordinator_wall_start_s": 0.0,
      "stage_elapsed_ms": [
        62.948
      ],
      "stage_logits_hashes": [
        "fnv64:19c70d1034a0e3dd"
      ],
      "stage_logits_nonfinite": [
        0
      ],
      "stage_wall_end_s": [
        1779336204.245678
      ],
      "stage_wall_start_s": [
        1779336204.18273
      ],
      "step": 15,
      "text": " course",
      "token_id": 3584
    },
    {
      "bytes": [
        46
      ],
      "coordinator_wall_end_s": 0.0,
      "coordinator_wall_ms": 0.0,
      "coordinator_wall_start_s": 0.0,
      "stage_elapsed_ms": [
        63.593
      ],
      "stage_logits_hashes": [
        "fnv64:12c1904b08ece25f"
      ],
      "stage_logits_nonfinite": [
        0
      ],
      "stage_wall_end_s": [
        1779336204.309274
      ],
      "stage_wall_start_s": [
        1779336204.245681
      ],
      "step": 16,
      "text": ".",
      "token_id": 16
    },
    {
      "bytes": [
        60,
        239,
        189,
        156,
        101,
        110,
        100,
        226,
        150,
        129,
        111,
        102,
        226,
        150,
        129,
        115,
        101,
        110,
        116,
        101,
        110,
        99,
        101,
        239,
        189,
        156,
        62
      ],
      "coordinator_wall_end_s": 0.0,
      "coordinator_wall_ms": 0.0,
      "coordinator_wall_start_s": 0.0,
      "stage_elapsed_ms": [
        62.884
      ],
      "stage_logits_hashes": [
        "fnv64:4ba47fec3f329470"
      ],
      "stage_logits_nonfinite": [
        0
      ],
      "stage_wall_end_s": [
        1779336204.372161
      ],
      "stage_wall_start_s": [
        1779336204.309277
      ],
      "step": 17,
      "text": "<\uff5cend\u2581of\u2581sentence\uff5c>",
      "token_id": 1
    },
    {
      "bytes": [
        44
      ],
      "coordinator_wall_end_s": 0.0,
      "coordinator_wall_ms": 0.0,
      "coordinator_wall_start_s": 0.0,
      "stage_elapsed_ms": [
        62.85
      ],
      "stage_logits_hashes": [
        "fnv64:24b32a4761324315"
      ],
      "stage_logits_nonfinite": [
        0
      ],
      "stage_wall_end_s": [
        1779336204.435015
      ],
      "stage_wall_start_s": [
        1779336204.372164
      ],
      "step": 18,
      "text": ",",
      "token_id": 14
    },
    {
      "bytes": [
        32,
        111,
        102
      ],
      "coordinator_wall_end_s": 0.0,
      "coordinator_wall_ms": 0.0,
      "coordinator_wall_start_s": 0.0,
      "stage_elapsed_ms": [
        62.969
      ],
      "stage_logits_hashes": [
        "fnv64:0128a41e48514cb3"
      ],
      "stage_logits_nonfinite": [
        0
      ],
      "stage_wall_end_s": [
        1779336204.497987
      ],
      "stage_wall_start_s": [
        1779336204.435017
      ],
      "step": 19,
      "text": " of",
      "token_id": 294
    },
    {
      "bytes": [
        32,
        99,
        111,
        117,
        114,
        115,
        101
      ],
      "coordinator_wall_end_s": 0.0,
      "coordinator_wall_ms": 0.0,
      "coordinator_wall_start_s": 0.0,
      "stage_elapsed_ms": [
        63.662
      ],
      "stage_logits_hashes": [
        "fnv64:17b12063a3f64550"
      ],
      "stage_logits_nonfinite": [
        0
      ],
      "stage_wall_end_s": [
        1779336204.561651
      ],
      "stage_wall_start_s": [
        1779336204.49799
      ],
      "step": 20,
      "text": " course",
      "token_id": 3584
    },
    {
      "bytes": [
        46
      ],
      "coordinator_wall_end_s": 0.0,
      "coordinator_wall_ms": 0.0,
      "coordinator_wall_start_s": 0.0,
      "stage_elapsed_ms": [
        63.63
      ],
      "stage_logits_hashes": [
        "fnv64:1c98cee840a270e0"
      ],
      "stage_logits_nonfinite": [
        0
      ],
      "stage_wall_end_s": [
        1779336204.625284
      ],
      "stage_wall_start_s": [
        1779336204.561654
      ],
      "step": 21,
      "text": ".",
      "token_id": 16
    },
    {
      "bytes": [
        60,
        239,
        189,
        156,
        101,
        110,
        100,
        226,
        150,
        129,
        111,
        102,
        226,
        150,
        129,
        115,
        101,
        110,
        116,
        101,
        110,
        99,
        101,
        239,
        189,
        156,
        62
      ],
      "coordinator_wall_end_s": 0.0,
      "coordinator_wall_ms": 0.0,
      "coordinator_wall_start_s": 0.0,
      "stage_elapsed_ms": [
        62.93
      ],
      "stage_logits_hashes": [
        "fnv64:f2c39922332a368a"
      ],
      "stage_logits_nonfinite": [
        0
      ],
      "stage_wall_end_s": [
        1779336204.688216
      ],
      "stage_wall_start_s": [
        1779336204.625287
      ],
      "step": 22,
      "text": "<\uff5cend\u2581of\u2581sentence\uff5c>",
      "token_id": 1
    },
    {
      "bytes": [
        44
      ],
      "coordinator_wall_end_s": 0.0,
      "coordinator_wall_ms": 0.0,
      "coordinator_wall_start_s": 0.0,
      "stage_elapsed_ms": [
        62.842
      ],
      "stage_logits_hashes": [
        "fnv64:ba7b7b93d126483a"
      ],
      "stage_logits_nonfinite": [
        0
      ],
      "stage_wall_end_s": [
        1779336204.751063
      ],
      "stage_wall_start_s": [
        1779336204.688221
      ],
      "step": 23,
      "text": ",",
      "token_id": 14
    },
    {
      "bytes": [
        32,
        111,
        102
      ],
      "coordinator_wall_end_s": 0.0,
      "coordinator_wall_ms": 0.0,
      "coordinator_wall_start_s": 0.0,
      "stage_elapsed_ms": [
        63.752
      ],
      "stage_logits_hashes": [
        "fnv64:8c3dde93b010ddf9"
      ],
      "stage_logits_nonfinite": [
        0
      ],
      "stage_wall_end_s": [
        1779336204.814817
      ],
      "stage_wall_start_s": [
        1779336204.751065
      ],
      "step": 24,
      "text": " of",
      "token_id": 294
    },
    {
      "bytes": [
        32,
        99,
        111,
        117,
        114,
        115,
        101
      ],
      "coordinator_wall_end_s": 0.0,
      "coordinator_wall_ms": 0.0,
      "coordinator_wall_start_s": 0.0,
      "stage_elapsed_ms": [
        62.999
      ],
      "stage_logits_hashes": [
        "fnv64:175f19f0864f05d8"
      ],
      "stage_logits_nonfinite": [
        0
      ],
      "stage_wall_end_s": [
        1779336204.877819
      ],
      "stage_wall_start_s": [
        1779336204.81482
      ],
      "step": 25,
      "text": " course",
      "token_id": 3584
    },
    {
      "bytes": [
        46
      ],
      "coordinator_wall_end_s": 0.0,
      "coordinator_wall_ms": 0.0,
      "coordinator_wall_start_s": 0.0,
      "stage_elapsed_ms": [
        63.017
      ],
      "stage_logits_hashes": [
        "fnv64:0189c06f39723b06"
      ],
      "stage_logits_nonfinite": [
        0
      ],
      "stage_wall_end_s": [
        1779336204.940838
      ],
      "stage_wall_start_s": [
        1779336204.877822
      ],
      "step": 26,
      "text": ".",
      "token_id": 16
    },
    {
      "bytes": [
        60,
        239,
        189,
        156,
        101,
        110,
        100,
        226,
        150,
        129,
        111,
        102,
        226,
        150,
        129,
        115,
        101,
        110,
        116,
        101,
        110,
        99,
        101,
        239,
        189,
        156,
        62
      ],
      "coordinator_wall_end_s": 0.0,
      "coordinator_wall_ms": 0.0,
      "coordinator_wall_start_s": 0.0,
      "stage_elapsed_ms": [
        62.955
      ],
      "stage_logits_hashes": [
        "fnv64:b3c7933eb5fd5607"
      ],
      "stage_logits_nonfinite": [
        0
      ],
      "stage_wall_end_s": [
        1779336205.003796
      ],
      "stage_wall_start_s": [
        1779336204.940841
      ],
      "step": 27,
      "text": "<\uff5cend\u2581of\u2581sentence\uff5c>",
      "token_id": 1
    },
    {
      "bytes": [
        44
      ],
      "coordinator_wall_end_s": 0.0,
      "coordinator_wall_ms": 0.0,
      "coordinator_wall_start_s": 0.0,
      "stage_elapsed_ms": [
        64.362
      ],
      "stage_logits_hashes": [
        "fnv64:116b043a5ec93cbb"
      ],
      "stage_logits_nonfinite": [
        0
      ],
      "stage_wall_end_s": [
        1779336205.068161
      ],
      "stage_wall_start_s": [
        1779336205.003799
      ],
      "step": 28,
      "text": ",",
      "token_id": 14
    },
    {
      "bytes": [
        32,
        111,
        102
      ],
      "coordinator_wall_end_s": 0.0,
      "coordinator_wall_ms": 0.0,
      "coordinator_wall_start_s": 0.0,
      "stage_elapsed_ms": [
        63.029
      ],
      "stage_logits_hashes": [
        "fnv64:6e574fb69bfd2899"
      ],
      "stage_logits_nonfinite": [
        0
      ],
      "stage_wall_end_s": [
        1779336205.131193
      ],
      "stage_wall_start_s": [
        1779336205.068164
      ],
      "step": 29,
      "text": " of",
      "token_id": 294
    },
    {
      "bytes": [
        32,
        99,
        111,
        117,
        114,
        115,
        101
      ],
      "coordinator_wall_end_s": 0.0,
      "coordinator_wall_ms": 0.0,
      "coordinator_wall_start_s": 0.0,
      "stage_elapsed_ms": [
        63.001
      ],
      "stage_logits_hashes": [
        "fnv64:e29b43b2da8ded06"
      ],
      "stage_logits_nonfinite": [
        0
      ],
      "stage_wall_end_s": [
        1779336205.194196
      ],
      "stage_wall_start_s": [
        1779336205.131195
      ],
      "step": 30,
      "text": " course",
      "token_id": 3584
    },
    {
      "bytes": [
        46
      ],
      "coordinator_wall_end_s": 0.0,
      "coordinator_wall_ms": 0.0,
      "coordinator_wall_start_s": 0.0,
      "stage_elapsed_ms": [
        63.049
      ],
      "stage_logits_hashes": [
        "fnv64:16d97dc20ed148cd"
      ],
      "stage_logits_nonfinite": [
        0
      ],
      "stage_wall_end_s": [
        1779336205.257248
      ],
      "stage_wall_start_s": [
        1779336205.194198
      ],
      "step": 31,
      "text": ".",
      "token_id": 16
    },
    {
      "bytes": [
        60,
        239,
        189,
        156,
        101,
        110,
        100,
        226,
        150,
        129,
        111,
        102,
        226,
        150,
        129,
        115,
        101,
        110,
        116,
        101,
        110,
        99,
        101,
        239,
        189,
        156,
        62
      ],
      "coordinator_wall_end_s": 0.0,
      "coordinator_wall_ms": 0.0,
      "coordinator_wall_start_s": 0.0,
      "stage_elapsed_ms": [
        63.879
      ],
      "stage_logits_hashes": [
        "fnv64:1a6360139e0e1fcf"
      ],
      "stage_logits_nonfinite": [
        0
      ],
      "stage_wall_end_s": [
        1779336205.321129
      ],
      "stage_wall_start_s": [
        1779336205.25725
      ],
      "step": 32,
      "text": "<\uff5cend\u2581of\u2581sentence\uff5c>",
      "token_id": 1
    },
    {
      "bytes": [
        44
      ],
      "coordinator_wall_end_s": 0.0,
      "coordinator_wall_ms": 0.0,
      "coordinator_wall_start_s": 0.0,
      "stage_elapsed_ms": [
        63.122
      ],
      "stage_logits_hashes": [
        "fnv64:c930b0603dc8f159"
      ],
      "stage_logits_nonfinite": [
        0
      ],
      "stage_wall_end_s": [
        1779336205.384254
      ],
      "stage_wall_start_s": [
        1779336205.321133
      ],
      "step": 33,
      "text": ",",
      "token_id": 14
    },
    {
      "bytes": [
        32,
        111,
        102
      ],
      "coordinator_wall_end_s": 0.0,
      "coordinator_wall_ms": 0.0,
      "coordinator_wall_start_s": 0.0,
      "stage_elapsed_ms": [
        63.211
      ],
      "stage_logits_hashes": [
        "fnv64:aa872e135e202600"
      ],
      "stage_logits_nonfinite": [
        0
      ],
      "stage_wall_end_s": [
        1779336205.447468
      ],
      "stage_wall_start_s": [
        1779336205.384257
      ],
      "step": 34,
      "text": " of",
      "token_id": 294
    },
    {
      "bytes": [
        32,
        99,
        111,
        117,
        114,
        115,
        101
      ],
      "coordinator_wall_end_s": 0.0,
      "coordinator_wall_ms": 0.0,
      "coordinator_wall_start_s": 0.0,
      "stage_elapsed_ms": [
        63.753
      ],
      "stage_logits_hashes": [
        "fnv64:bd881ee1a1930ef7"
      ],
      "stage_logits_nonfinite": [
        0
      ],
      "stage_wall_end_s": [
        1779336205.511224
      ],
      "stage_wall_start_s": [
        1779336205.447471
      ],
      "step": 35,
      "text": " course",
      "token_id": 3584
    },
    {
      "bytes": [
        46
      ],
      "coordinator_wall_end_s": 0.0,
      "coordinator_wall_ms": 0.0,
      "coordinator_wall_start_s": 0.0,
      "stage_elapsed_ms": [
        65.817
      ],
      "stage_logits_hashes": [
        "fnv64:a3f0871bb1e6d40e"
      ],
      "stage_logits_nonfinite": [
        0
      ],
      "stage_wall_end_s": [
        1779336205.577044
      ],
      "stage_wall_start_s": [
        1779336205.511227
      ],
      "step": 36,
      "text": ".",
      "token_id": 16
    },
    {
      "bytes": [
        60,
        239,
        189,
        156,
        101,
        110,
        100,
        226,
        150,
        129,
        111,
        102,
        226,
        150,
        129,
        115,
        101,
        110,
        116,
        101,
        110,
        99,
        101,
        239,
        189,
        156,
        62
      ],
      "coordinator_wall_end_s": 0.0,
      "coordinator_wall_ms": 0.0,
      "coordinator_wall_start_s": 0.0,
      "stage_elapsed_ms": [
        64.127
      ],
      "stage_logits_hashes": [
        "fnv64:336a64a5532fdf5b"
      ],
      "stage_logits_nonfinite": [
        0
      ],
      "stage_wall_end_s": [
        1779336205.641174
      ],
      "stage_wall_start_s": [
        1779336205.577047
      ],
      "step": 37,
      "text": "<\uff5cend\u2581of\u2581sentence\uff5c>",
      "token_id": 1
    },
    {
      "bytes": [
        44
      ],
      "coordinator_wall_end_s": 0.0,
      "coordinator_wall_ms": 0.0,
      "coordinator_wall_start_s": 0.0,
      "stage_elapsed_ms": [
        64.109
      ],
      "stage_logits_hashes": [
        "fnv64:8dbd867af0d0b450"
      ],
      "stage_logits_nonfinite": [
        0
      ],
      "stage_wall_end_s": [
        1779336205.705286
      ],
      "stage_wall_start_s": [
        1779336205.641177
      ],
      "step": 38,
      "text": ",",
      "token_id": 14
    },
    {
      "bytes": [
        32,
        111,
        102
      ],
      "coordinator_wall_end_s": 0.0,
      "coordinator_wall_ms": 0.0,
      "coordinator_wall_start_s": 0.0,
      "stage_elapsed_ms": [
        63.304
      ],
      "stage_logits_hashes": [
        "fnv64:6a2331dd2b1acdd9"
      ],
      "stage_logits_nonfinite": [
        0
      ],
      "stage_wall_end_s": [
        1779336205.768592
      ],
      "stage_wall_start_s": [
        1779336205.705288
      ],
      "step": 39,
      "text": " of",
      "token_id": 294
    },
    {
      "bytes": [
        32,
        99,
        111,
        117,
        114,
        115,
        101
      ],
      "coordinator_wall_end_s": 0.0,
      "coordinator_wall_ms": 0.0,
      "coordinator_wall_start_s": 0.0,
      "stage_elapsed_ms": [
        64.086
      ],
      "stage_logits_hashes": [
        "fnv64:113e97176f880450"
      ],
      "stage_logits_nonfinite": [
        0
      ],
      "stage_wall_end_s": [
        1779336205.832681
      ],
      "stage_wall_start_s": [
        1779336205.768595
      ],
      "step": 40,
      "text": " course",
      "token_id": 3584
    },
    {
      "bytes": [
        46
      ],
      "coordinator_wall_end_s": 0.0,
      "coordinator_wall_ms": 0.0,
      "coordinator_wall_start_s": 0.0,
      "stage_elapsed_ms": [
        63.338
      ],
      "stage_logits_hashes": [
        "fnv64:0875d84277ff9b1c"
      ],
      "stage_logits_nonfinite": [
        0
      ],
      "stage_wall_end_s": [
        1779336205.896022
      ],
      "stage_wall_start_s": [
        1779336205.832684
      ],
      "step": 41,
      "text": ".",
      "token_id": 16
    },
    {
      "bytes": [
        60,
        239,
        189,
        156,
        101,
        110,
        100,
        226,
        150,
        129,
        111,
        102,
        226,
        150,
        129,
        115,
        101,
        110,
        116,
        101,
        110,
        99,
        101,
        239,
        189,
        156,
        62
      ],
      "coordinator_wall_end_s": 0.0,
      "coordinator_wall_ms": 0.0,
      "coordinator_wall_start_s": 0.0,
      "stage_elapsed_ms": [
        63.253
      ],
      "stage_logits_hashes": [
        "fnv64:bda29bd51c3d5853"
      ],
      "stage_logits_nonfinite": [
        0
      ],
      "stage_wall_end_s": [
        1779336205.959278
      ],
      "stage_wall_start_s": [
        1779336205.896024
      ],
      "step": 42,
      "text": "<\uff5cend\u2581of\u2581sentence\uff5c>",
      "token_id": 1
    },
    {
      "bytes": [
        44
      ],
      "coordinator_wall_end_s": 0.0,
      "coordinator_wall_ms": 0.0,
      "coordinator_wall_start_s": 0.0,
      "stage_elapsed_ms": [
        63.315
      ],
      "stage_logits_hashes": [
        "fnv64:ea1f98750ca5095b"
      ],
      "stage_logits_nonfinite": [
        0
      ],
      "stage_wall_end_s": [
        1779336206.022597
      ],
      "stage_wall_start_s": [
        1779336205.959281
      ],
      "step": 43,
      "text": ",",
      "token_id": 14
    },
    {
      "bytes": [
        32,
        111,
        102
      ],
      "coordinator_wall_end_s": 0.0,
      "coordinator_wall_ms": 0.0,
      "coordinator_wall_start_s": 0.0,
      "stage_elapsed_ms": [
        64.729
      ],
      "stage_logits_hashes": [
        "fnv64:0999a304c5f083b2"
      ],
      "stage_logits_nonfinite": [
        0
      ],
      "stage_wall_end_s": [
        1779336206.087328
      ],
      "stage_wall_start_s": [
        1779336206.022599
      ],
      "step": 44,
      "text": " of",
      "token_id": 294
    },
    {
      "bytes": [
        32,
        99,
        111,
        117,
        114,
        115,
        101
      ],
      "coordinator_wall_end_s": 0.0,
      "coordinator_wall_ms": 0.0,
      "coordinator_wall_start_s": 0.0,
      "stage_elapsed_ms": [
        63.364
      ],
      "stage_logits_hashes": [
        "fnv64:3407c4f50c221c36"
      ],
      "stage_logits_nonfinite": [
        0
      ],
      "stage_wall_end_s": [
        1779336206.150695
      ],
      "stage_wall_start_s": [
        1779336206.087331
      ],
      "step": 45,
      "text": " course",
      "token_id": 3584
    },
    {
      "bytes": [
        46
      ],
      "coordinator_wall_end_s": 0.0,
      "coordinator_wall_ms": 0.0,
      "coordinator_wall_start_s": 0.0,
      "stage_elapsed_ms": [
        63.376
      ],
      "stage_logits_hashes": [
        "fnv64:7e69bceba1362260"
      ],
      "stage_logits_nonfinite": [
        0
      ],
      "stage_wall_end_s": [
        1779336206.214073
      ],
      "stage_wall_start_s": [
        1779336206.150697
      ],
      "step": 46,
      "text": ".",
      "token_id": 16
    },
    {
      "bytes": [
        60,
        239,
        189,
        156,
        101,
        110,
        100,
        226,
        150,
        129,
        111,
        102,
        226,
        150,
        129,
        115,
        101,
        110,
        116,
        101,
        110,
        99,
        101,
        239,
        189,
        156,
        62
      ],
      "coordinator_wall_end_s": 0.0,
      "coordinator_wall_ms": 0.0,
      "coordinator_wall_start_s": 0.0,
      "stage_elapsed_ms": [
        63.386
      ],
      "stage_logits_hashes": [
        "fnv64:3e5e3b13fbd71974"
      ],
      "stage_logits_nonfinite": [
        0
      ],
      "stage_wall_end_s": [
        1779336206.277461
      ],
      "stage_wall_start_s": [
        1779336206.214075
      ],
      "step": 47,
      "text": "<\uff5cend\u2581of\u2581sentence\uff5c>",
      "token_id": 1
    },
    {
      "bytes": [
        44
      ],
      "coordinator_wall_end_s": 0.0,
      "coordinator_wall_ms": 0.0,
      "coordinator_wall_start_s": 0.0,
      "stage_elapsed_ms": [
        64.129
      ],
      "stage_logits_hashes": [
        "fnv64:633b1329475466fd"
      ],
      "stage_logits_nonfinite": [
        0
      ],
      "stage_wall_end_s": [
        1779336206.341594
      ],
      "stage_wall_start_s": [
        1779336206.277465
      ],
      "step": 48,
      "text": ",",
      "token_id": 14
    },
    {
      "bytes": [
        32,
        111,
        102
      ],
      "coordinator_wall_end_s": 0.0,
      "coordinator_wall_ms": 0.0,
      "coordinator_wall_start_s": 0.0,
      "stage_elapsed_ms": [
        63.374
      ],
      "stage_logits_hashes": [
        "fnv64:84efc9f930b23bda"
      ],
      "stage_logits_nonfinite": [
        0
      ],
      "stage_wall_end_s": [
        1779336206.404969
      ],
      "stage_wall_start_s": [
        1779336206.341596
      ],
      "step": 49,
      "text": " of",
      "token_id": 294
    },
    {
      "bytes": [
        32,
        99,
        111,
        117,
        114,
        115,
        101
      ],
      "coordinator_wall_end_s": 0.0,
      "coordinator_wall_ms": 0.0,
      "coordinator_wall_start_s": 0.0,
      "stage_elapsed_ms": [
        63.424
      ],
      "stage_logits_hashes": [
        "fnv64:3e2bcdcd69ff9e4f"
      ],
      "stage_logits_nonfinite": [
        0
      ],
      "stage_wall_end_s": [
        1779336206.468396
      ],
      "stage_wall_start_s": [
        1779336206.404972
      ],
      "step": 50,
      "text": " course",
      "token_id": 3584
    },
    {
      "bytes": [
        46
      ],
      "coordinator_wall_end_s": 0.0,
      "coordinator_wall_ms": 0.0,
      "coordinator_wall_start_s": 0.0,
      "stage_elapsed_ms": [
        63.562
      ],
      "stage_logits_hashes": [
        "fnv64:271146f4de5d714b"
      ],
      "stage_logits_nonfinite": [
        0
      ],
      "stage_wall_end_s": [
        1779336206.531962
      ],
      "stage_wall_start_s": [
        1779336206.468399
      ],
      "step": 51,
      "text": ".",
      "token_id": 16
    },
    {
      "bytes": [
        32,
        40
      ],
      "coordinator_wall_end_s": 0.0,
      "coordinator_wall_ms": 0.0,
      "coordinator_wall_start_s": 0.0,
      "stage_elapsed_ms": [
        64.884
      ],
      "stage_logits_hashes": [
        "fnv64:f10315433f4ed09c"
      ],
      "stage_logits_nonfinite": [
        0
      ],
      "stage_wall_end_s": [
        1779336206.596848
      ],
      "stage_wall_start_s": [
        1779336206.531964
      ],
      "step": 52,
      "text": " (",
      "token_id": 343
    },
    {
      "bytes": [
        84,
        104,
        101
      ],
      "coordinator_wall_end_s": 0.0,
      "coordinator_wall_ms": 0.0,
      "coordinator_wall_start_s": 0.0,
      "stage_elapsed_ms": [
        63.523
      ],
      "stage_logits_hashes": [
        "fnv64:88a318ac7f5d8935"
      ],
      "stage_logits_nonfinite": [
        0
      ],
      "stage_wall_end_s": [
        1779336206.660374
      ],
      "stage_wall_start_s": [
        1779336206.596851
      ],
      "step": 53,
      "text": "The",
      "token_id": 671
    },
    {
      "bytes": [
        32,
        114,
        101,
        112,
        101,
        116,
        105,
        116,
        105,
        111,
        110
      ],
      "coordinator_wall_end_s": 0.0,
      "coordinator_wall_ms": 0.0,
      "coordinator_wall_start_s": 0.0,
      "stage_elapsed_ms": [
        63.498
      ],
      "stage_logits_hashes": [
        "fnv64:d1a314d3725433c5"
      ],
      "stage_logits_nonfinite": [
        0
      ],
      "stage_wall_end_s": [
        1779336206.723875
      ],
      "stage_wall_start_s": [
        1779336206.660377
      ],
      "step": 54,
      "text": " repetition",
      "token_id": 42039
    },
    {
      "bytes": [
        32,
        105,
        115
      ],
      "coordinator_wall_end_s": 0.0,
      "coordinator_wall_ms": 0.0,
      "coordinator_wall_start_s": 0.0,
      "stage_elapsed_ms": [
        63.473
      ],
      "stage_logits_hashes": [
        "fnv64:b0ef7ad9cd149382"
      ],
      "stage_logits_nonfinite": [
        0
      ],
      "stage_wall_end_s": [
        1779336206.787351
      ],
      "stage_wall_start_s": [
        1779336206.723878
      ],
      "step": 55,
      "text": " is",
      "token_id": 344
    },
    {
      "bytes": [
        32,
        97
      ],
      "coordinator_wall_end_s": 0.0,
      "coordinator_wall_ms": 0.0,
      "coordinator_wall_start_s": 0.0,
      "stage_elapsed_ms": [
        64.309
      ],
      "stage_logits_hashes": [
        "fnv64:c8fbcf7fc667af5b"
      ],
      "stage_logits_nonfinite": [
        0
      ],
      "stage_wall_end_s": [
        1779336206.851663
      ],
      "stage_wall_start_s": [
        1779336206.787354
      ],
      "step": 56,
      "text": " a",
      "token_id": 260
    },
    {
      "bytes": [
        32,
        112,
        108,
        97,
        121,
        102,
        117,
        108
      ],
      "coordinator_wall_end_s": 0.0,
      "coordinator_wall_ms": 0.0,
      "coordinator_wall_start_s": 0.0,
      "stage_elapsed_ms": [
        63.531
      ],
      "stage_logits_hashes": [
        "fnv64:a3bf410eb95977d8"
      ],
      "stage_logits_nonfinite": [
        0
      ],
      "stage_wall_end_s": [
        1779336206.915197
      ],
      "stage_wall_start_s": [
        1779336206.851666
      ],
      "step": 57,
      "text": " playful",
      "token_id": 60918
    },
    {
      "bytes": [
        32,
        119,
        97,
        121
      ],
      "coordinator_wall_end_s": 0.0,
      "coordinator_wall_ms": 0.0,
      "coordinator_wall_start_s": 0.0,
      "stage_elapsed_ms": [
        63.545
      ],
      "stage_logits_hashes": [
        "fnv64:41ac845ce62b8864"
      ],
      "stage_logits_nonfinite": [
        0
      ],
      "stage_wall_end_s": [
        1779336206.978745
      ],
      "stage_wall_start_s": [
        1779336206.9152
      ],
      "step": 58,
      "text": " way",
      "token_id": 1722
    },
    {
      "bytes": [
        32,
        116,
        111
      ],
      "coordinator_wall_end_s": 0.0,
      "coordinator_wall_ms": 0.0,
      "coordinator_wall_start_s": 0.0,
      "stage_elapsed_ms": [
        63.586
      ],
      "stage_logits_hashes": [
        "fnv64:90f0e47947c52196"
      ],
      "stage_logits_nonfinite": [
        0
      ],
      "stage_wall_end_s": [
        1779336207.042334
      ],
      "stage_wall_start_s": [
        1779336206.978748
      ],
      "step": 59,
      "text": " to",
      "token_id": 304
    },
    {
      "bytes": [
        32,
        101,
        109,
        112,
        104,
        97,
        115,
        105,
        122,
        101
      ],
      "coordinator_wall_end_s": 0.0,
      "coordinator_wall_ms": 0.0,
      "coordinator_wall_start_s": 0.0,
      "stage_elapsed_ms": [
        65.012
      ],
      "stage_logits_hashes": [
        "fnv64:dfbc2b8b18c7b408"
      ],
      "stage_logits_nonfinite": [
        0
      ],
      "stage_wall_end_s": [
        1779336207.107348
      ],
      "stage_wall_start_s": [
        1779336207.042337
      ],
      "step": 60,
      "text": " emphasize",
      "token_id": 32904
    },
    {
      "bytes": [
        32,
        116,
        104,
        101
      ],
      "coordinator_wall_end_s": 0.0,
      "coordinator_wall_ms": 0.0,
      "coordinator_wall_start_s": 0.0,
      "stage_elapsed_ms": [
        63.559
      ],
      "stage_logits_hashes": [
        "fnv64:d1a2eb78e92547cd"
      ],
      "stage_logits_nonfinite": [
        0
      ],
      "stage_wall_end_s": [
        1779336207.170911
      ],
      "stage_wall_start_s": [
        1779336207.107352
      ],
      "step": 61,
      "text": " the",
      "token_id": 270
    },
    {
      "bytes": [
        32,
        99,
        101,
        114,
        116,
        97,
        105,
        110,
        116,
        121
      ],
      "coordinator_wall_end_s": 0.0,
      "coordinator_wall_ms": 0.0,
      "coordinator_wall_start_s": 0.0,
      "stage_elapsed_ms": [
        63.686
      ],
      "stage_logits_hashes": [
        "fnv64:3aff95c95b19fd0c"
      ],
      "stage_logits_nonfinite": [
        0
      ],
      "stage_wall_end_s": [
        1779336207.2346
      ],
      "stage_wall_start_s": [
        1779336207.170914
      ],
      "step": 62,
      "text": " certainty",
      "token_id": 41570
    },
    {
      "bytes": [
        32,
        111,
        102
      ],
      "coordinator_wall_end_s": 0.0,
      "coordinator_wall_ms": 0.0,
      "coordinator_wall_start_s": 0.0,
      "stage_elapsed_ms": [
        63.643
      ],
      "stage_logits_hashes": [
        "fnv64:55e8a3c0516a49a3"
      ],
      "stage_logits_nonfinite": [
        0
      ],
      "stage_wall_end_s": [
        1779336207.298246
      ],
      "stage_wall_start_s": [
        1779336207.234603
      ],
      "step": 63,
      "text": " of",
      "token_id": 294
    }
  ]
}
PP1_TOKEN_IDS=[20, 13, 20, 9615, 223, 22, 16, 1, 14, 294, 3584, 16, 1, 14, 294, 3584, 16, 1, 14, 294, 3584, 16, 1, 14, 294, 3584, 16, 1, 14, 294, 3584, 16, 1, 14, 294, 3584, 16, 1, 14, 294, 3584, 16, 1, 14, 294, 3584, 16, 1, 14, 294, 3584, 16, 343, 671, 42039, 344, 260, 60918, 1722, 304, 32904, 270, 41570, 294]
PP1_TEXT='2+2 equals 4.<｜end▁of▁sentence｜>, of course.<｜end▁of▁sentence｜>, of course.<｜end▁of▁sentence｜>, of course.<｜end▁of▁sentence｜>, of course.<｜end▁of▁sentence｜>, of course.<｜end▁of▁sentence｜>, of course.<｜end▁of▁sentence｜>, of course.<｜end▁of▁sentence｜>, of course.<｜end▁of▁sentence｜>, of course. (The repetition is a playful way to emphasize the certainty of'
PP1_STEP_LATENCIES_MS=[2438.673, 1360.031, 64.551, 64.572, 63.576, 64.339, 62.787, 62.837, 63.54, 62.833, 63.627, 63.729, 64.534, 63.417, 63.782, 62.948, 63.593, 62.884, 62.85, 62.969, 63.662, 63.63, 62.93, 62.842, 63.752, 62.999, 63.017, 62.955, 64.362, 63.029, 63.001, 63.049, 63.879, 63.122, 63.211, 63.753, 65.817, 64.127, 64.109, 63.304, 64.086, 63.338, 63.253, 63.315, 64.729, 63.364, 63.376, 63.386, 64.129, 63.374, 63.424, 63.562, 64.884, 63.523, 63.498, 63.473, 64.309, 63.531, 63.545, 63.586, 65.012, 63.559, 63.686, 63.643]
PP1_STAGE_ELAPSED_MS=[[2438.673], [1360.031], [64.551], [64.572], [63.576], [64.339], [62.787], [62.837], [63.54], [62.833], [63.627], [63.729], [64.534], [63.417], [63.782], [62.948], [63.593], [62.884], [62.85], [62.969], [63.662], [63.63], [62.93], [62.842], [63.752], [62.999], [63.017], [62.955], [64.362], [63.029], [63.001], [63.049], [63.879], [63.122], [63.211], [63.753], [65.817], [64.127], [64.109], [63.304], [64.086], [63.338], [63.253], [63.315], [64.729], [63.364], [63.376], [63.386], [64.129], [63.374], [63.424], [63.562], [64.884], [63.523], [63.498], [63.473], [64.309], [63.531], [63.545], [63.586], [65.012], [63.559], [63.686], [63.643]]
PP1_AGGREGATE_TOK_S_INCLUDING_STEP0=8.266
PP1_STEADY_TOK_S_EXCLUDING_STEP0=11.879
